A031507(7) / A031508(7): unconditional minimality run, 2026-09-27/28

setup 1.1s
plus: k <= 56877643, B histogram [0, 10105585, 20572722, 15812161, 7071385, 2001245, 305208, 37163, 2468, 89]; 39720 with B >= 7 -> data/cand_plus_7_56877643.txt
minus: k <= 56877643, B histogram [0, 10110887, 20571671, 15804690, 7074390, 2001948, 304477, 37480, 2392, 91]; 39963 with B >= 7 -> data/cand_minus_7_56877643.txt
time 2.5s

[plus] limit k < 47550317
  stage 1 (ambient 3-isogeny bound B >= 7), k < limit: 32546
  stage 2 (Cassels): B2 >= 7: 12355
  stage 4 (witnesses at p <= 1000): new-bound histogram {5: 11367, 6: 867, 7: 121}
  stage 5 (full-span witnesses, all p in S): {5: 1, 7: 120}
  stage 6 (bnfcertify + ellrank): 121 curves, certified 121, R histogram {1: 49, 3: 24, 5: 48}, max time 86 s, total 19 CPU-min
  => every sixth-power-free k < 47550317 has rank <= 6 (unconditional)

[minus] limit k < 56877643
  stage 1 (ambient 3-isogeny bound B >= 7), k < limit: 39962
  stage 2 (Cassels): B2 >= 7: 18943
  stage 4 (witnesses at p <= 1000): new-bound histogram {5: 17904, 6: 896, 7: 143}
  stage 5 (full-span witnesses, all p in S): {7: 143}
  stage 6 (bnfcertify + ellrank): 143 curves, certified 143, R histogram {1: 57, 3: 43, 5: 43}, max time 3579 s, total 224 CPU-min
  => every sixth-power-free k < 56877643 has rank <= 6 (unconditional)

v = 47550317: ellrank [7, 7, 0], 7 points
   precision 38: regulator 181126.710015, min eigenvalue 1.44177
   precision 115: regulator 181126.710015, min eigenvalue 1.44177
   Cassels g = 1
   points: [[-277, 5128], [-121, 6766], [-37, 6892], [359, 9686], [8327, 759890], [-1399/4, 17467/8], [2047/9, 207946/27]]
v = -56877643: ellrank [7, 7, 0], 7 points
   precision 38: regulator 155212.412835, min eigenvalue 1.20691
   precision 115: regulator 155212.412835, min eigenvalue 1.20691
   Cassels g = 1
   points: [[403, 2928], [2017/4, 67569/8], [1363, 49752], [6337/16, 146655/64], [3481/4, 196317/8], [2707, 140640], [1697/4, 35311/8]]

Validation: pipeline reproduces a(6) (rank <= 5 below 1358556 (+) and 975379 (-)); see logs/a6_reproduction.log
