n=9:
  9: class 40320, Fix 20  (from results\n9.tsv)
  8-1: class 45360, Fix 196  (from results\n9.tsv)
  7-2: class 25920, Fix 364  (from results\n9.tsv)
  6-3: class 20160, Fix 504  (from results\n9.tsv)
  5-4: class 18144, Fix 580  (from results\n9.tsv)
  7-1-1: class 25920, Fix 4228  (from results\n9.tsv)
  6-2-1: class 30240, Fix 9604  (from results\n9.tsv)
  5-3-1: class 24192, Fix 14632  (from results\n9.tsv)
  5-2-2: class 9072, Fix 20284  (from results\n9.tsv)
  4-4-1: class 11340, Fix 16068  (from results\n9.tsv)
  4-3-2: class 15120, Fix 28244  (from results\n9.tsv)
  3-3-3: class 2240, Fix 35516  (from results\n9.tsv)
  6-1-1-1: class 10080, Fix 191640  (from results\n9.tsv)
  5-2-1-1: class 18144, Fix 525696  (from results\n9.tsv)
  4-3-1-1: class 15120, Fix 802092  (from results\n9.tsv)
  4-2-2-1: class 11340, Fix 1250516  (from results\n9.tsv)
  3-3-2-1: class 10080, Fix 1688504  (from results\n9.tsv)
  3-2-2-2: class 2520, Fix 2570892  (from results\n9.tsv)
  5-1-1-1-1: class 3024, Fix 17879668  (from results\n9.tsv)
  4-2-1-1-1: class 7560, Fix 55179896  (from results\n9.tsv)
  3-3-1-1-1: class 3360, Fix 77716340  (from results\n9.tsv)
  3-2-2-1-1: class 7560, Fix 138912180  (from results\n9.tsv)
  2-2-2-2-1: class 945, Fix 238069348  (from results\n9.tsv)
  4-1-1-1-1-1: class 756, Fix 3311445420  (from results\n9.tsv)
  3-2-1-1-1-1: class 2520, Fix 10304390204  (from results\n9.tsv)
  2-2-2-1-1-1: class 1260, Fix 20769998328  (from results\n9.tsv)
  3-1-1-1-1-1-1: class 168, Fix 1091995941092  (from results\n9.tsv)
  2-2-1-1-1-1-1: class 378, Fix 2594373863484  (from results\n9.tsv)
  2-1-1-1-1-1-1-1: class 36, Fix 486010253627696  (from results\n9.tsv)
  -> starting class 30/30: 1-1-1-1-1-1-1-1-1 (class size 1)
[     60s] class 30/30 n=9 1-1-1-1-1-1-1-1-1 [searching]  subtrees 2204/4439 (49.7%)  canonical 5.576e6 (92662/s)  LPs 1.131e7  donated 0 [running 12 idle@lastpick 0 checks 0 pend/check 0.00 tooDeep 0]  class 60s  ETA ~61s
[    120s] class 30/30 n=9 1-1-1-1-1-1-1-1-1 [searching]  subtrees 2208/4439 (49.7%)  canonical 1.052e7 (82472/s)  LPs 2.234e7  donated 0 [running 12 idle@lastpick 0 checks 0 pend/check 0.00 tooDeep 0]  class 120s  ETA ~121s
[    180s] class 30/30 n=9 1-1-1-1-1-1-1-1-1 [searching]  subtrees 2222/4439 (50.1%)  canonical 1.568e7 (85840/s)  LPs 3.362e7  donated 0 [running 12 idle@lastpick 0 checks 0 pend/check 0.00 tooDeep 0]  class 180s  ETA ~180s
[    240s] class 30/30 n=9 1-1-1-1-1-1-1-1-1 [searching]  subtrees 4432/4439 (99.8%)  canonical 2.083e7 (85996/s)  LPs 4.487e7  donated 36 [running 12 idle@lastpick 0 checks 0 pend/check 0.00 tooDeep 0]  class 240s  ETA ~0s
[    300s] class 30/30 n=9 1-1-1-1-1-1-1-1-1 [searching]  subtrees 4435/4439 (99.9%)  canonical 2.505e7 (70313/s)  LPs 5.538e7  donated 335 [running 12 idle@lastpick 0 checks 0 pend/check 0.00 tooDeep 0]  class 300s  ETA ~0s
[    360s] class 30/30 n=9 1-1-1-1-1-1-1-1-1 [searching]  subtrees 4435/4439 (99.9%)  canonical 2.888e7 (63797/s)  LPs 6.593e7  donated 335 [running 12 idle@lastpick 0 checks 0 pend/check 0.00 tooDeep 0]  class 360s  ETA ~0s
[    420s] class 30/30 n=9 1-1-1-1-1-1-1-1-1 [searching]  subtrees 4435/4439 (99.9%)  canonical 3.277e7 (64871/s)  LPs 7.657e7  donated 335 [running 12 idle@lastpick 0 checks 0 pend/check 0.00 tooDeep 0]  class 420s  ETA ~0s
[    480s] class 30/30 n=9 1-1-1-1-1-1-1-1-1 [searching]  subtrees 4435/4439 (99.9%)  canonical 3.648e7 (61995/s)  LPs 8.664e7  donated 335 [running 12 idle@lastpick 0 checks 0 pend/check 0.00 tooDeep 0]  class 480s  ETA ~0s
[    540s] class 30/30 n=9 1-1-1-1-1-1-1-1-1 [searching]  subtrees 4435/4439 (99.9%)  canonical 4.035e7 (64352/s)  LPs 9.697e7  donated 335 [running 12 idle@lastpick 0 checks 0 pend/check 0.00 tooDeep 0]  class 540s  ETA ~0s
[    600s] class 30/30 n=9 1-1-1-1-1-1-1-1-1 [searching]  subtrees 4436/4439 (99.9%)  canonical 4.443e7 (67937/s)  LPs 1.076e8  donated 385 [running 12 idle@lastpick 0 checks 0 pend/check 0.00 tooDeep 0]  class 600s  ETA ~0s
[    660s] class 30/30 n=9 1-1-1-1-1-1-1-1-1 [searching]  subtrees 4436/4439 (99.9%)  canonical 4.837e7 (65850/s)  LPs 1.182e8  donated 390 [running 12 idle@lastpick 0 checks 0 pend/check 0.00 tooDeep 0]  class 660s  ETA ~0s
[    720s] class 30/30 n=9 1-1-1-1-1-1-1-1-1 [searching]  subtrees 4437/4439 (100.0%)  canonical 5.233e7 (65925/s)  LPs 1.288e8  donated 412 [running 12 idle@lastpick 0 checks 0 pend/check 0.00 tooDeep 0]  class 720s  ETA ~0s
[    780s] class 30/30 n=9 1-1-1-1-1-1-1-1-1 [searching]  subtrees 4437/4439 (100.0%)  canonical 5.610e7 (62863/s)  LPs 1.393e8  donated 429 [running 12 idle@lastpick 0 checks 0 pend/check 0.00 tooDeep 0]  class 780s  ETA ~0s
[    840s] class 30/30 n=9 1-1-1-1-1-1-1-1-1 [searching]  subtrees 4437/4439 (100.0%)  canonical 5.980e7 (61695/s)  LPs 1.494e8  donated 450 [running 12 idle@lastpick 0 checks 0 pend/check 0.00 tooDeep 0]  class 840s  ETA ~0s
[    900s] class 30/30 n=9 1-1-1-1-1-1-1-1-1 [searching]  subtrees 4437/4439 (100.0%)  canonical 6.359e7 (62977/s)  LPs 1.599e8  donated 468 [running 12 idle@lastpick 0 checks 0 pend/check 0.00 tooDeep 0]  class 900s  ETA ~0s
[    960s] class 30/30 n=9 1-1-1-1-1-1-1-1-1 [searching]  subtrees 4437/4439 (100.0%)  canonical 6.717e7 (59745/s)  LPs 1.700e8  donated 478 [running 12 idle@lastpick 0 checks 0 pend/check 0.00 tooDeep 0]  class 960s  ETA ~0s
[   1020s] class 30/30 n=9 1-1-1-1-1-1-1-1-1 [searching]  subtrees 4437/4439 (100.0%)  canonical 7.078e7 (60159/s)  LPs 1.806e8  donated 586 [running 12 idle@lastpick 0 checks 0 pend/check 0.00 tooDeep 0]  class 1020s  ETA ~0s
[   1080s] class 30/30 n=9 1-1-1-1-1-1-1-1-1 [searching]  subtrees 4437/4439 (100.0%)  canonical 7.420e7 (57102/s)  LPs 1.907e8  donated 586 [running 12 idle@lastpick 0 checks 0 pend/check 0.00 tooDeep 0]  class 1080s  ETA ~0s
[   1140s] class 30/30 n=9 1-1-1-1-1-1-1-1-1 [searching]  subtrees 4437/4439 (100.0%)  canonical 7.743e7 (53751/s)  LPs 2.008e8  donated 586 [running 12 idle@lastpick 0 checks 0 pend/check 0.00 tooDeep 0]  class 1140s  ETA ~1s
[   1200s] class 30/30 n=9 1-1-1-1-1-1-1-1-1 [searching]  subtrees 4437/4439 (100.0%)  canonical 8.092e7 (58190/s)  LPs 2.114e8  donated 586 [running 12 idle@lastpick 0 checks 0 pend/check 0.00 tooDeep 0]  class 1200s  ETA ~1s
[   1260s] class 30/30 n=9 1-1-1-1-1-1-1-1-1 [searching]  subtrees 4438/4439 (100.0%)  canonical 8.454e7 (60259/s)  LPs 2.221e8  donated 586 [running 12 idle@lastpick 0 checks 0 pend/check 0.00 tooDeep 0]  class 1260s  ETA ~0s
[   1320s] class 30/30 n=9 1-1-1-1-1-1-1-1-1 [searching]  subtrees 4438/4439 (100.0%)  canonical 8.803e7 (58123/s)  LPs 2.326e8  donated 599 [running 12 idle@lastpick 0 checks 0 pend/check 0.00 tooDeep 0]  class 1320s  ETA ~0s
[   1380s] class 30/30 n=9 1-1-1-1-1-1-1-1-1 [searching]  subtrees 4438/4439 (100.0%)  canonical 9.128e7 (54302/s)  LPs 2.427e8  donated 599 [running 12 idle@lastpick 0 checks 0 pend/check 0.00 tooDeep 0]  class 1380s  ETA ~0s
[   1440s] class 30/30 n=9 1-1-1-1-1-1-1-1-1 [searching]  subtrees 4438/4439 (100.0%)  canonical 9.450e7 (53615/s)  LPs 2.533e8  donated 603 [running 12 idle@lastpick 0 checks 0 pend/check 0.00 tooDeep 0]  class 1440s  ETA ~0s
[   1500s] class 30/30 n=9 1-1-1-1-1-1-1-1-1 [searching]  subtrees 4438/4439 (100.0%)  canonical 9.811e7 (60218/s)  LPs 2.638e8  donated 610 [running 12 idle@lastpick 0 checks 0 pend/check 0.00 tooDeep 0]  class 1500s  ETA ~0s
[   1560s] class 30/30 n=9 1-1-1-1-1-1-1-1-1 [searching]  subtrees 4438/4439 (100.0%)  canonical 1.017e8 (59826/s)  LPs 2.744e8  donated 618 [running 12 idle@lastpick 0 checks 0 pend/check 0.00 tooDeep 0]  class 1560s  ETA ~0s
[   1620s] class 30/30 n=9 1-1-1-1-1-1-1-1-1 [searching]  subtrees 4438/4439 (100.0%)  canonical 1.054e8 (61358/s)  LPs 2.847e8  donated 625 [running 12 idle@lastpick 0 checks 0 pend/check 0.00 tooDeep 0]  class 1620s  ETA ~0s
[   1680s] class 30/30 n=9 1-1-1-1-1-1-1-1-1 [searching]  subtrees 4438/4439 (100.0%)  canonical 1.086e8 (54350/s)  LPs 2.948e8  donated 630 [running 12 idle@lastpick 0 checks 0 pend/check 0.00 tooDeep 0]  class 1680s  ETA ~0s
[   1740s] class 30/30 n=9 1-1-1-1-1-1-1-1-1 [searching]  subtrees 4438/4439 (100.0%)  canonical 1.121e8 (56910/s)  LPs 3.052e8  donated 646 [running 12 idle@lastpick 0 checks 0 pend/check 0.00 tooDeep 0]  class 1740s  ETA ~0s
[   1800s] class 30/30 n=9 1-1-1-1-1-1-1-1-1 [searching]  subtrees 4438/4439 (100.0%)  canonical 1.154e8 (55421/s)  LPs 3.155e8  donated 650 [running 12 idle@lastpick 0 checks 0 pend/check 0.00 tooDeep 0]  class 1800s  ETA ~0s
[   1860s] class 30/30 n=9 1-1-1-1-1-1-1-1-1 [searching]  subtrees 4438/4439 (100.0%)  canonical 1.185e8 (52027/s)  LPs 3.253e8  donated 650 [running 12 idle@lastpick 0 checks 0 pend/check 0.00 tooDeep 0]  class 1860s  ETA ~0s
[   1920s] class 30/30 n=9 1-1-1-1-1-1-1-1-1 [searching]  subtrees 4438/4439 (100.0%)  canonical 1.208e8 (38338/s)  LPs 3.329e8  donated 650 [running 12 idle@lastpick 0 checks 0 pend/check 0.00 tooDeep 0]  class 1920s  ETA ~0s
[   1980s] class 30/30 n=9 1-1-1-1-1-1-1-1-1 [searching]  subtrees 4438/4439 (100.0%)  canonical 1.239e8 (51065/s)  LPs 3.419e8  donated 650 [running 12 idle@lastpick 0 checks 0 pend/check 0.00 tooDeep 0]  class 1980s  ETA ~0s
[   2040s] class 30/30 n=9 1-1-1-1-1-1-1-1-1 [searching]  subtrees 4438/4439 (100.0%)  canonical 1.271e8 (53917/s)  LPs 3.520e8  donated 653 [running 12 idle@lastpick 0 checks 0 pend/check 0.00 tooDeep 0]  class 2040s  ETA ~0s
[   2100s] class 30/30 n=9 1-1-1-1-1-1-1-1-1 [searching]  subtrees 4438/4439 (100.0%)  canonical 1.304e8 (55526/s)  LPs 3.622e8  donated 653 [running 12 idle@lastpick 0 checks 0 pend/check 0.00 tooDeep 0]  class 2100s  ETA ~0s
[   2160s] class 30/30 n=9 1-1-1-1-1-1-1-1-1 [searching]  subtrees 4438/4439 (100.0%)  canonical 1.337e8 (53830/s)  LPs 3.723e8  donated 658 [running 12 idle@lastpick 0 checks 0 pend/check 0.00 tooDeep 0]  class 2160s  ETA ~0s
[   2220s] class 30/30 n=9 1-1-1-1-1-1-1-1-1 [searching]  subtrees 4438/4439 (100.0%)  canonical 1.367e8 (51119/s)  LPs 3.820e8  donated 658 [running 12 idle@lastpick 0 checks 0 pend/check 0.00 tooDeep 0]  class 2220s  ETA ~1s
[   2280s] class 30/30 n=9 1-1-1-1-1-1-1-1-1 [searching]  subtrees 4438/4439 (100.0%)  canonical 1.398e8 (51333/s)  LPs 3.921e8  donated 658 [running 12 idle@lastpick 0 checks 0 pend/check 0.00 tooDeep 0]  class 2280s  ETA ~1s
[   2340s] class 30/30 n=9 1-1-1-1-1-1-1-1-1 [searching]  subtrees 4438/4439 (100.0%)  canonical 1.433e8 (57615/s)  LPs 4.031e8  donated 658 [running 12 idle@lastpick 0 checks 0 pend/check 0.00 tooDeep 0]  class 2340s  ETA ~1s
[   2400s] class 30/30 n=9 1-1-1-1-1-1-1-1-1 [searching]  subtrees 4438/4439 (100.0%)  canonical 1.467e8 (58058/s)  LPs 4.140e8  donated 658 [running 12 idle@lastpick 0 checks 0 pend/check 0.00 tooDeep 0]  class 2400s  ETA ~1s
[   2460s] class 30/30 n=9 1-1-1-1-1-1-1-1-1 [searching]  subtrees 4438/4439 (100.0%)  canonical 1.501e8 (54929/s)  LPs 4.247e8  donated 658 [running 12 idle@lastpick 0 checks 0 pend/check 0.00 tooDeep 0]  class 2460s  ETA ~1s
[   2520s] class 30/30 n=9 1-1-1-1-1-1-1-1-1 [searching]  subtrees 4438/4439 (100.0%)  canonical 1.534e8 (56508/s)  LPs 4.354e8  donated 663 [running 12 idle@lastpick 0 checks 0 pend/check 0.00 tooDeep 0]  class 2520s  ETA ~1s
[   2580s] class 30/30 n=9 1-1-1-1-1-1-1-1-1 [searching]  subtrees 4438/4439 (100.0%)  canonical 1.567e8 (54999/s)  LPs 4.463e8  donated 666 [running 12 idle@lastpick 0 checks 0 pend/check 0.00 tooDeep 0]  class 2580s  ETA ~1s
[   2640s] class 30/30 n=9 1-1-1-1-1-1-1-1-1 [searching]  subtrees 4438/4439 (100.0%)  canonical 1.603e8 (58792/s)  LPs 4.574e8  donated 666 [running 12 idle@lastpick 0 checks 0 pend/check 0.00 tooDeep 0]  class 2640s  ETA ~1s
[   2700s] class 30/30 n=9 1-1-1-1-1-1-1-1-1 [searching]  subtrees 4438/4439 (100.0%)  canonical 1.638e8 (58292/s)  LPs 4.683e8  donated 672 [running 12 idle@lastpick 0 checks 0 pend/check 0.00 tooDeep 0]  class 2700s  ETA ~1s
[   2760s] class 30/30 n=9 1-1-1-1-1-1-1-1-1 [searching]  subtrees 4438/4439 (100.0%)  canonical 1.673e8 (59830/s)  LPs 4.793e8  donated 675 [running 12 idle@lastpick 0 checks 0 pend/check 0.00 tooDeep 0]  class 2760s  ETA ~1s
[   2820s] class 30/30 n=9 1-1-1-1-1-1-1-1-1 [searching]  subtrees 4438/4439 (100.0%)  canonical 1.708e8 (56673/s)  LPs 4.900e8  donated 675 [running 12 idle@lastpick 0 checks 0 pend/check 0.00 tooDeep 0]  class 2820s  ETA ~1s
[   2880s] class 30/30 n=9 1-1-1-1-1-1-1-1-1 [searching]  subtrees 4438/4439 (100.0%)  canonical 1.741e8 (56196/s)  LPs 5.003e8  donated 677 [running 12 idle@lastpick 0 checks 0 pend/check 0.00 tooDeep 0]  class 2880s  ETA ~1s
[   2940s] class 30/30 n=9 1-1-1-1-1-1-1-1-1 [searching]  subtrees 4438/4439 (100.0%)  canonical 1.771e8 (50205/s)  LPs 5.103e8  donated 684 [running 12 idle@lastpick 0 checks 0 pend/check 0.00 tooDeep 0]  class 2940s  ETA ~1s
[   3000s] class 30/30 n=9 1-1-1-1-1-1-1-1-1 [searching]  subtrees 4438/4439 (100.0%)  canonical 1.799e8 (46470/s)  LPs 5.197e8  donated 684 [running 12 idle@lastpick 0 checks 0 pend/check 0.00 tooDeep 0]  class 3000s  ETA ~1s
[   3060s] class 30/30 n=9 1-1-1-1-1-1-1-1-1 [searching]  subtrees 4438/4439 (100.0%)  canonical 1.829e8 (49297/s)  LPs 5.291e8  donated 684 [running 12 idle@lastpick 0 checks 0 pend/check 0.00 tooDeep 0]  class 3060s  ETA ~1s
[   3120s] class 30/30 n=9 1-1-1-1-1-1-1-1-1 [searching]  subtrees 4438/4439 (100.0%)  canonical 1.859e8 (50798/s)  LPs 5.385e8  donated 684 [running 12 idle@lastpick 0 checks 0 pend/check 0.00 tooDeep 0]  class 3120s  ETA ~1s
[   3180s] class 30/30 n=9 1-1-1-1-1-1-1-1-1 [searching]  subtrees 4438/4439 (100.0%)  canonical 1.891e8 (52767/s)  LPs 5.481e8  donated 688 [running 12 idle@lastpick 0 checks 0 pend/check 0.00 tooDeep 0]  class 3180s  ETA ~1s
[   3240s] class 30/30 n=9 1-1-1-1-1-1-1-1-1 [searching]  subtrees 4438/4439 (100.0%)  canonical 1.922e8 (52008/s)  LPs 5.578e8  donated 792 [running 12 idle@lastpick 0 checks 0 pend/check 0.00 tooDeep 0]  class 3240s  ETA ~1s
[   3300s] class 30/30 n=9 1-1-1-1-1-1-1-1-1 [searching]  subtrees 4438/4439 (100.0%)  canonical 1.952e8 (50150/s)  LPs 5.671e8  donated 792 [running 12 idle@lastpick 0 checks 0 pend/check 0.00 tooDeep 0]  class 3300s  ETA ~1s
[   3360s] class 30/30 n=9 1-1-1-1-1-1-1-1-1 [searching]  subtrees 4438/4439 (100.0%)  canonical 1.985e8 (55227/s)  LPs 5.765e8  donated 792 [running 12 idle@lastpick 0 checks 0 pend/check 0.00 tooDeep 0]  class 3360s  ETA ~1s
[   3420s] class 30/30 n=9 1-1-1-1-1-1-1-1-1 [searching]  subtrees 4438/4439 (100.0%)  canonical 2.016e8 (50871/s)  LPs 5.861e8  donated 792 [running 12 idle@lastpick 0 checks 0 pend/check 0.00 tooDeep 0]  class 3420s  ETA ~1s
[   3480s] class 30/30 n=9 1-1-1-1-1-1-1-1-1 [searching]  subtrees 4438/4439 (100.0%)  canonical 2.049e8 (54839/s)  LPs 5.962e8  donated 792 [running 12 idle@lastpick 0 checks 0 pend/check 0.00 tooDeep 0]  class 3480s  ETA ~1s
[   3540s] class 30/30 n=9 1-1-1-1-1-1-1-1-1 [searching]  subtrees 4438/4439 (100.0%)  canonical 2.083e8 (57763/s)  LPs 6.068e8  donated 792 [running 12 idle@lastpick 0 checks 0 pend/check 0.00 tooDeep 0]  class 3540s  ETA ~1s
[   3600s] class 30/30 n=9 1-1-1-1-1-1-1-1-1 [searching]  subtrees 4438/4439 (100.0%)  canonical 2.122e8 (63376/s)  LPs 6.183e8  donated 792 [running 12 idle@lastpick 0 checks 0 pend/check 0.00 tooDeep 0]  class 3600s  ETA ~1s
[   3660s] class 30/30 n=9 1-1-1-1-1-1-1-1-1 [searching]  subtrees 4438/4439 (100.0%)  canonical 2.160e8 (63984/s)  LPs 6.298e8  donated 792 [running 12 idle@lastpick 0 checks 0 pend/check 0.00 tooDeep 0]  class 3660s  ETA ~1s
[   3720s] class 30/30 n=9 1-1-1-1-1-1-1-1-1 [searching]  subtrees 4438/4439 (100.0%)  canonical 2.198e8 (62686/s)  LPs 6.412e8  donated 792 [running 12 idle@lastpick 0 checks 0 pend/check 0.00 tooDeep 0]  class 3720s  ETA ~1s
[   3780s] class 30/30 n=9 1-1-1-1-1-1-1-1-1 [searching]  subtrees 4438/4439 (100.0%)  canonical 2.237e8 (65236/s)  LPs 6.527e8  donated 792 [running 12 idle@lastpick 0 checks 0 pend/check 0.00 tooDeep 0]  class 3780s  ETA ~1s
[   3840s] class 30/30 n=9 1-1-1-1-1-1-1-1-1 [searching]  subtrees 4438/4439 (100.0%)  canonical 2.275e8 (63838/s)  LPs 6.640e8  donated 798 [running 12 idle@lastpick 0 checks 0 pend/check 0.00 tooDeep 0]  class 3840s  ETA ~1s
[   3900s] class 30/30 n=9 1-1-1-1-1-1-1-1-1 [searching]  subtrees 4438/4439 (100.0%)  canonical 2.309e8 (57337/s)  LPs 6.749e8  donated 803 [running 12 idle@lastpick 0 checks 0 pend/check 0.00 tooDeep 0]  class 3900s  ETA ~1s
[   3960s] class 30/30 n=9 1-1-1-1-1-1-1-1-1 [searching]  subtrees 4438/4439 (100.0%)  canonical 2.342e8 (54836/s)  LPs 6.858e8  donated 820 [running 12 idle@lastpick 0 checks 0 pend/check 0.00 tooDeep 0]  class 3960s  ETA ~1s
[   4020s] class 30/30 n=9 1-1-1-1-1-1-1-1-1 [searching]  subtrees 4438/4439 (100.0%)  canonical 2.375e8 (54254/s)  LPs 6.967e8  donated 829 [running 12 idle@lastpick 0 checks 0 pend/check 0.00 tooDeep 0]  class 4020s  ETA ~1s
[   4080s] class 30/30 n=9 1-1-1-1-1-1-1-1-1 [searching]  subtrees 4438/4439 (100.0%)  canonical 2.406e8 (51256/s)  LPs 7.074e8  donated 838 [running 12 idle@lastpick 0 checks 0 pend/check 0.00 tooDeep 0]  class 4080s  ETA ~1s
[   4140s] class 30/30 n=9 1-1-1-1-1-1-1-1-1 [searching]  subtrees 4438/4439 (100.0%)  canonical 2.437e8 (51725/s)  LPs 7.180e8  donated 838 [running 12 idle@lastpick 0 checks 0 pend/check 0.00 tooDeep 0]  class 4140s  ETA ~1s
[   4200s] class 30/30 n=9 1-1-1-1-1-1-1-1-1 [searching]  subtrees 4438/4439 (100.0%)  canonical 2.469e8 (53396/s)  LPs 7.285e8  donated 843 [running 12 idle@lastpick 0 checks 0 pend/check 0.00 tooDeep 0]  class 4200s  ETA ~1s
[   4260s] class 30/30 n=9 1-1-1-1-1-1-1-1-1 [searching]  subtrees 4438/4439 (100.0%)  canonical 2.499e8 (51315/s)  LPs 7.389e8  donated 848 [running 12 idle@lastpick 0 checks 0 pend/check 0.00 tooDeep 0]  class 4260s  ETA ~1s
[   4320s] class 30/30 n=9 1-1-1-1-1-1-1-1-1 [searching]  subtrees 4438/4439 (100.0%)  canonical 2.531e8 (52605/s)  LPs 7.498e8  donated 852 [running 12 idle@lastpick 0 checks 0 pend/check 0.00 tooDeep 0]  class 4320s  ETA ~1s
[   4380s] class 30/30 n=9 1-1-1-1-1-1-1-1-1 [searching]  subtrees 4438/4439 (100.0%)  canonical 2.565e8 (55843/s)  LPs 7.610e8  donated 868 [running 12 idle@lastpick 0 checks 0 pend/check 0.00 tooDeep 0]  class 4380s  ETA ~1s
[   4440s] class 30/30 n=9 1-1-1-1-1-1-1-1-1 [searching]  subtrees 4438/4439 (100.0%)  canonical 2.601e8 (60869/s)  LPs 7.726e8  donated 894 [running 12 idle@lastpick 0 checks 0 pend/check 0.00 tooDeep 0]  class 4440s  ETA ~1s
[   4500s] class 30/30 n=9 1-1-1-1-1-1-1-1-1 [searching]  subtrees 4438/4439 (100.0%)  canonical 2.635e8 (56181/s)  LPs 7.841e8  donated 904 [running 12 idle@lastpick 0 checks 0 pend/check 0.00 tooDeep 0]  class 4500s  ETA ~1s
[   4560s] class 30/30 n=9 1-1-1-1-1-1-1-1-1 [searching]  subtrees 4438/4439 (100.0%)  canonical 2.663e8 (47939/s)  LPs 7.950e8  donated 914 [running 12 idle@lastpick 0 checks 0 pend/check 0.00 tooDeep 0]  class 4560s  ETA ~1s
[   4620s] class 30/30 n=9 1-1-1-1-1-1-1-1-1 [searching]  subtrees 4438/4439 (100.0%)  canonical 2.692e8 (47533/s)  LPs 8.053e8  donated 914 [running 12 idle@lastpick 0 checks 0 pend/check 0.00 tooDeep 0]  class 4620s  ETA ~1s
[   4680s] class 30/30 n=9 1-1-1-1-1-1-1-1-1 [searching]  subtrees 4438/4439 (100.0%)  canonical 2.721e8 (48655/s)  LPs 8.154e8  donated 918 [running 12 idle@lastpick 0 checks 0 pend/check 0.00 tooDeep 0]  class 4680s  ETA ~1s
[   4740s] class 30/30 n=9 1-1-1-1-1-1-1-1-1 [searching]  subtrees 4438/4439 (100.0%)  canonical 2.751e8 (49347/s)  LPs 8.256e8  donated 918 [running 12 idle@lastpick 0 checks 0 pend/check 0.00 tooDeep 0]  class 4740s  ETA ~1s
[   4800s] class 30/30 n=9 1-1-1-1-1-1-1-1-1 [searching]  subtrees 4438/4439 (100.0%)  canonical 2.781e8 (50756/s)  LPs 8.359e8  donated 922 [running 12 idle@lastpick 0 checks 0 pend/check 0.00 tooDeep 0]  class 4800s  ETA ~1s
[   4860s] class 30/30 n=9 1-1-1-1-1-1-1-1-1 [searching]  subtrees 4438/4439 (100.0%)  canonical 2.811e8 (49710/s)  LPs 8.460e8  donated 922 [running 12 idle@lastpick 0 checks 0 pend/check 0.00 tooDeep 0]  class 4860s  ETA ~1s
[   4920s] class 30/30 n=9 1-1-1-1-1-1-1-1-1 [searching]  subtrees 4438/4439 (100.0%)  canonical 2.841e8 (49850/s)  LPs 8.561e8  donated 927 [running 12 idle@lastpick 0 checks 0 pend/check 0.00 tooDeep 0]  class 4920s  ETA ~1s
[   4980s] class 30/30 n=9 1-1-1-1-1-1-1-1-1 [searching]  subtrees 4438/4439 (100.0%)  canonical 2.872e8 (51206/s)  LPs 8.664e8  donated 927 [running 12 idle@lastpick 0 checks 0 pend/check 0.00 tooDeep 0]  class 4980s  ETA ~1s
[   5040s] class 30/30 n=9 1-1-1-1-1-1-1-1-1 [searching]  subtrees 4438/4439 (100.0%)  canonical 2.905e8 (55735/s)  LPs 8.773e8  donated 932 [running 12 idle@lastpick 0 checks 0 pend/check 0.00 tooDeep 0]  class 5040s  ETA ~1s
[   5100s] class 30/30 n=9 1-1-1-1-1-1-1-1-1 [searching]  subtrees 4438/4439 (100.0%)  canonical 2.936e8 (51982/s)  LPs 8.882e8  donated 940 [running 12 idle@lastpick 0 checks 0 pend/check 0.00 tooDeep 0]  class 5100s  ETA ~1s
[   5160s] class 30/30 n=9 1-1-1-1-1-1-1-1-1 [searching]  subtrees 4438/4439 (100.0%)  canonical 2.967e8 (50691/s)  LPs 8.991e8  donated 941 [running 12 idle@lastpick 0 checks 0 pend/check 0.00 tooDeep 0]  class 5160s  ETA ~1s
[   5220s] class 30/30 n=9 1-1-1-1-1-1-1-1-1 [searching]  subtrees 4438/4439 (100.0%)  canonical 2.996e8 (49609/s)  LPs 9.102e8  donated 948 [running 12 idle@lastpick 0 checks 0 pend/check 0.00 tooDeep 0]  class 5220s  ETA ~1s
[   5280s] class 30/30 n=9 1-1-1-1-1-1-1-1-1 [searching]  subtrees 4438/4439 (100.0%)  canonical 3.027e8 (51441/s)  LPs 9.211e8  donated 948 [running 12 idle@lastpick 0 checks 0 pend/check 0.00 tooDeep 0]  class 5280s  ETA ~1s
[   5340s] class 30/30 n=9 1-1-1-1-1-1-1-1-1 [searching]  subtrees 4438/4439 (100.0%)  canonical 3.058e8 (51024/s)  LPs 9.321e8  donated 948 [running 12 idle@lastpick 0 checks 0 pend/check 0.00 tooDeep 0]  class 5340s  ETA ~1s
[   5400s] class 30/30 n=9 1-1-1-1-1-1-1-1-1 [searching]  subtrees 4438/4439 (100.0%)  canonical 3.088e8 (49874/s)  LPs 9.431e8  donated 948 [running 12 idle@lastpick 0 checks 0 pend/check 0.00 tooDeep 0]  class 5400s  ETA ~1s
[   5460s] class 30/30 n=9 1-1-1-1-1-1-1-1-1 [searching]  subtrees 4438/4439 (100.0%)  canonical 3.119e8 (50869/s)  LPs 9.542e8  donated 948 [running 12 idle@lastpick 0 checks 0 pend/check 0.00 tooDeep 0]  class 5460s  ETA ~1s
[   5520s] class 30/30 n=9 1-1-1-1-1-1-1-1-1 [searching]  subtrees 4438/4439 (100.0%)  canonical 3.149e8 (51073/s)  LPs 9.652e8  donated 950 [running 12 idle@lastpick 0 checks 0 pend/check 0.00 tooDeep 0]  class 5520s  ETA ~1s
[   5580s] class 30/30 n=9 1-1-1-1-1-1-1-1-1 [searching]  subtrees 4438/4439 (100.0%)  canonical 3.178e8 (47455/s)  LPs 9.756e8  donated 1004 [running 12 idle@lastpick 0 checks 0 pend/check 0.00 tooDeep 0]  class 5580s  ETA ~1s
[   5640s] class 30/30 n=9 1-1-1-1-1-1-1-1-1 [searching]  subtrees 4438/4439 (100.0%)  canonical 3.203e8 (42564/s)  LPs 9.854e8  donated 1004 [running 12 idle@lastpick 0 checks 0 pend/check 0.00 tooDeep 0]  class 5640s  ETA ~1s
[   5700s] class 30/30 n=9 1-1-1-1-1-1-1-1-1 [searching]  subtrees 4438/4439 (100.0%)  canonical 3.230e8 (45056/s)  LPs 9.954e8  donated 1004 [running 12 idle@lastpick 0 checks 0 pend/check 0.00 tooDeep 0]  class 5700s  ETA ~1s
[   5760s] class 30/30 n=9 1-1-1-1-1-1-1-1-1 [searching]  subtrees 4438/4439 (100.0%)  canonical 3.257e8 (43959/s)  LPs 1.006e9  donated 1004 [running 12 idle@lastpick 0 checks 0 pend/check 0.00 tooDeep 0]  class 5760s  ETA ~1s
[   5820s] class 30/30 n=9 1-1-1-1-1-1-1-1-1 [searching]  subtrees 4438/4439 (100.0%)  canonical 3.284e8 (45115/s)  LPs 1.016e9  donated 1004 [running 12 idle@lastpick 0 checks 0 pend/check 0.00 tooDeep 0]  class 5820s  ETA ~1s
[   5880s] class 30/30 n=9 1-1-1-1-1-1-1-1-1 [searching]  subtrees 4438/4439 (100.0%)  canonical 3.311e8 (44812/s)  LPs 1.026e9  donated 1004 [running 12 idle@lastpick 0 checks 0 pend/check 0.00 tooDeep 0]  class 5880s  ETA ~1s
[   5940s] class 30/30 n=9 1-1-1-1-1-1-1-1-1 [searching]  subtrees 4438/4439 (100.0%)  canonical 3.338e8 (46203/s)  LPs 1.036e9  donated 1004 [running 12 idle@lastpick 0 checks 0 pend/check 0.00 tooDeep 0]  class 5940s  ETA ~1s
[   6000s] class 30/30 n=9 1-1-1-1-1-1-1-1-1 [searching]  subtrees 4438/4439 (100.0%)  canonical 3.366e8 (46542/s)  LPs 1.046e9  donated 1004 [running 12 idle@lastpick 0 checks 0 pend/check 0.00 tooDeep 0]  class 6000s  ETA ~1s
[   6060s] class 30/30 n=9 1-1-1-1-1-1-1-1-1 [searching]  subtrees 4438/4439 (100.0%)  canonical 3.393e8 (45360/s)  LPs 1.056e9  donated 1004 [running 12 idle@lastpick 0 checks 0 pend/check 0.00 tooDeep 0]  class 6060s  ETA ~1s
[   6120s] class 30/30 n=9 1-1-1-1-1-1-1-1-1 [searching]  subtrees 4438/4439 (100.0%)  canonical 3.420e8 (43617/s)  LPs 1.066e9  donated 1004 [running 12 idle@lastpick 0 checks 0 pend/check 0.00 tooDeep 0]  class 6120s  ETA ~1s
[   6180s] class 30/30 n=9 1-1-1-1-1-1-1-1-1 [searching]  subtrees 4438/4439 (100.0%)  canonical 3.446e8 (44187/s)  LPs 1.076e9  donated 1004 [running 12 idle@lastpick 0 checks 0 pend/check 0.00 tooDeep 0]  class 6180s  ETA ~1s
[   6240s] class 30/30 n=9 1-1-1-1-1-1-1-1-1 [searching]  subtrees 4438/4439 (100.0%)  canonical 3.474e8 (47285/s)  LPs 1.087e9  donated 1004 [running 12 idle@lastpick 0 checks 0 pend/check 0.00 tooDeep 0]  class 6240s  ETA ~1s
[   6300s] class 30/30 n=9 1-1-1-1-1-1-1-1-1 [searching]  subtrees 4438/4439 (100.0%)  canonical 3.502e8 (46047/s)  LPs 1.098e9  donated 1004 [running 12 idle@lastpick 0 checks 0 pend/check 0.00 tooDeep 0]  class 6300s  ETA ~1s
[   6360s] class 30/30 n=9 1-1-1-1-1-1-1-1-1 [searching]  subtrees 4438/4439 (100.0%)  canonical 3.531e8 (47964/s)  LPs 1.108e9  donated 1004 [running 12 idle@lastpick 0 checks 0 pend/check 0.00 tooDeep 0]  class 6360s  ETA ~1s
[   6420s] class 30/30 n=9 1-1-1-1-1-1-1-1-1 [searching]  subtrees 4438/4439 (100.0%)  canonical 3.560e8 (48273/s)  LPs 1.118e9  donated 1004 [running 12 idle@lastpick 0 checks 0 pend/check 0.00 tooDeep 0]  class 6420s  ETA ~1s
[   6480s] class 30/30 n=9 1-1-1-1-1-1-1-1-1 [searching]  subtrees 4438/4439 (100.0%)  canonical 3.587e8 (46013/s)  LPs 1.129e9  donated 1004 [running 12 idle@lastpick 0 checks 0 pend/check 0.00 tooDeep 0]  class 6480s  ETA ~1s
[   6540s] class 30/30 n=9 1-1-1-1-1-1-1-1-1 [searching]  subtrees 4438/4439 (100.0%)  canonical 3.616e8 (47434/s)  LPs 1.139e9  donated 1004 [running 12 idle@lastpick 0 checks 0 pend/check 0.00 tooDeep 0]  class 6540s  ETA ~1s
[   6600s] class 30/30 n=9 1-1-1-1-1-1-1-1-1 [searching]  subtrees 4438/4439 (100.0%)  canonical 3.644e8 (47019/s)  LPs 1.150e9  donated 1004 [running 12 idle@lastpick 0 checks 0 pend/check 0.00 tooDeep 0]  class 6600s  ETA ~1s
[   6660s] class 30/30 n=9 1-1-1-1-1-1-1-1-1 [searching]  subtrees 4438/4439 (100.0%)  canonical 3.670e8 (43423/s)  LPs 1.160e9  donated 1004 [running 12 idle@lastpick 0 checks 0 pend/check 0.00 tooDeep 0]  class 6660s  ETA ~2s
[   6720s] class 30/30 n=9 1-1-1-1-1-1-1-1-1 [searching]  subtrees 4438/4439 (100.0%)  canonical 3.697e8 (44134/s)  LPs 1.169e9  donated 1004 [running 12 idle@lastpick 0 checks 0 pend/check 0.00 tooDeep 0]  class 6720s  ETA ~2s
[   6780s] class 30/30 n=9 1-1-1-1-1-1-1-1-1 [searching]  subtrees 4438/4439 (100.0%)  canonical 3.724e8 (45932/s)  LPs 1.179e9  donated 1004 [running 12 idle@lastpick 0 checks 0 pend/check 0.00 tooDeep 0]  class 6780s  ETA ~2s
[   6840s] class 30/30 n=9 1-1-1-1-1-1-1-1-1 [searching]  subtrees 4438/4439 (100.0%)  canonical 3.751e8 (44355/s)  LPs 1.189e9  donated 1004 [running 12 idle@lastpick 0 checks 0 pend/check 0.00 tooDeep 0]  class 6840s  ETA ~2s
[   6900s] class 30/30 n=9 1-1-1-1-1-1-1-1-1 [searching]  subtrees 4438/4439 (100.0%)  canonical 3.779e8 (46821/s)  LPs 1.200e9  donated 1004 [running 12 idle@lastpick 0 checks 0 pend/check 0.00 tooDeep 0]  class 6900s  ETA ~2s
[   6960s] class 30/30 n=9 1-1-1-1-1-1-1-1-1 [searching]  subtrees 4438/4439 (100.0%)  canonical 3.807e8 (46292/s)  LPs 1.210e9  donated 1004 [running 12 idle@lastpick 0 checks 0 pend/check 0.00 tooDeep 0]  class 6960s  ETA ~2s
[   7020s] class 30/30 n=9 1-1-1-1-1-1-1-1-1 [searching]  subtrees 4438/4439 (100.0%)  canonical 3.837e8 (51085/s)  LPs 1.220e9  donated 1004 [running 12 idle@lastpick 0 checks 0 pend/check 0.00 tooDeep 0]  class 7020s  ETA ~2s
[   7080s] class 30/30 n=9 1-1-1-1-1-1-1-1-1 [searching]  subtrees 4438/4439 (100.0%)  canonical 3.869e8 (52289/s)  LPs 1.231e9  donated 1019 [running 12 idle@lastpick 0 checks 0 pend/check 0.00 tooDeep 0]  class 7080s  ETA ~2s
[   7140s] class 30/30 n=9 1-1-1-1-1-1-1-1-1 [searching]  subtrees 4438/4439 (100.0%)  canonical 3.900e8 (53004/s)  LPs 1.243e9  donated 1028 [running 12 idle@lastpick 0 checks 0 pend/check 0.00 tooDeep 0]  class 7140s  ETA ~2s
[   7200s] class 30/30 n=9 1-1-1-1-1-1-1-1-1 [searching]  subtrees 4438/4439 (100.0%)  canonical 3.931e8 (51642/s)  LPs 1.254e9  donated 1056 [running 12 idle@lastpick 0 checks 0 pend/check 0.00 tooDeep 0]  class 7200s  ETA ~2s
[   7260s] class 30/30 n=9 1-1-1-1-1-1-1-1-1 [searching]  subtrees 4438/4439 (100.0%)  canonical 3.965e8 (55580/s)  LPs 1.265e9  donated 1069 [running 12 idle@lastpick 0 checks 0 pend/check 0.00 tooDeep 0]  class 7260s  ETA ~2s
[   7320s] class 30/30 n=9 1-1-1-1-1-1-1-1-1 [searching]  subtrees 4438/4439 (100.0%)  canonical 3.997e8 (53304/s)  LPs 1.277e9  donated 1073 [running 12 idle@lastpick 0 checks 0 pend/check 0.00 tooDeep 0]  class 7320s  ETA ~2s
[   7380s] class 30/30 n=9 1-1-1-1-1-1-1-1-1 [searching]  subtrees 4438/4439 (100.0%)  canonical 4.026e8 (48914/s)  LPs 1.287e9  donated 1073 [running 12 idle@lastpick 0 checks 0 pend/check 0.00 tooDeep 0]  class 7380s  ETA ~2s
[   7440s] class 30/30 n=9 1-1-1-1-1-1-1-1-1 [searching]  subtrees 4438/4439 (100.0%)  canonical 4.057e8 (50641/s)  LPs 1.299e9  donated 1081 [running 12 idle@lastpick 0 checks 0 pend/check 0.00 tooDeep 0]  class 7440s  ETA ~2s
[   7500s] class 30/30 n=9 1-1-1-1-1-1-1-1-1 [searching]  subtrees 4438/4439 (100.0%)  canonical 4.089e8 (53814/s)  LPs 1.310e9  donated 1081 [running 12 idle@lastpick 0 checks 0 pend/check 0.00 tooDeep 0]  class 7500s  ETA ~2s
[   7560s] class 30/30 n=9 1-1-1-1-1-1-1-1-1 [searching]  subtrees 4438/4439 (100.0%)  canonical 4.121e8 (54416/s)  LPs 1.321e9  donated 1088 [running 12 idle@lastpick 0 checks 0 pend/check 0.00 tooDeep 0]  class 7560s  ETA ~2s
[   7620s] class 30/30 n=9 1-1-1-1-1-1-1-1-1 [searching]  subtrees 4438/4439 (100.0%)  canonical 4.154e8 (53851/s)  LPs 1.333e9  donated 1088 [running 12 idle@lastpick 0 checks 0 pend/check 0.00 tooDeep 0]  class 7620s  ETA ~2s
[   7680s] class 30/30 n=9 1-1-1-1-1-1-1-1-1 [searching]  subtrees 4438/4439 (100.0%)  canonical 4.185e8 (51827/s)  LPs 1.344e9  donated 1092 [running 12 idle@lastpick 0 checks 0 pend/check 0.00 tooDeep 0]  class 7680s  ETA ~2s
[   7740s] class 30/30 n=9 1-1-1-1-1-1-1-1-1 [searching]  subtrees 4438/4439 (100.0%)  canonical 4.215e8 (50440/s)  LPs 1.355e9  donated 1092 [running 12 idle@lastpick 0 checks 0 pend/check 0.00 tooDeep 0]  class 7740s  ETA ~2s
[   7800s] class 30/30 n=9 1-1-1-1-1-1-1-1-1 [searching]  subtrees 4438/4439 (100.0%)  canonical 4.246e8 (51786/s)  LPs 1.367e9  donated 1095 [running 12 idle@lastpick 0 checks 0 pend/check 0.00 tooDeep 0]  class 7800s  ETA ~2s
[   7860s] class 30/30 n=9 1-1-1-1-1-1-1-1-1 [searching]  subtrees 4438/4439 (100.0%)  canonical 4.276e8 (49796/s)  LPs 1.378e9  donated 1107 [running 12 idle@lastpick 0 checks 0 pend/check 0.00 tooDeep 0]  class 7860s  ETA ~2s
[   7920s] class 30/30 n=9 1-1-1-1-1-1-1-1-1 [searching]  subtrees 4438/4439 (100.0%)  canonical 4.304e8 (46559/s)  LPs 1.389e9  donated 1111 [running 12 idle@lastpick 0 checks 0 pend/check 0.00 tooDeep 0]  class 7920s  ETA ~2s
[   7980s] class 30/30 n=9 1-1-1-1-1-1-1-1-1 [searching]  subtrees 4438/4439 (100.0%)  canonical 4.332e8 (45973/s)  LPs 1.400e9  donated 1111 [running 12 idle@lastpick 0 checks 0 pend/check 0.00 tooDeep 0]  class 7980s  ETA ~2s
[   8040s] class 30/30 n=9 1-1-1-1-1-1-1-1-1 [searching]  subtrees 4438/4439 (100.0%)  canonical 4.355e8 (39664/s)  LPs 1.410e9  donated 1122 [running 12 idle@lastpick 0 checks 0 pend/check 0.00 tooDeep 0]  class 8040s  ETA ~2s
[   8100s] class 30/30 n=9 1-1-1-1-1-1-1-1-1 [searching]  subtrees 4438/4439 (100.0%)  canonical 4.377e8 (35298/s)  LPs 1.418e9  donated 1122 [running 12 idle@lastpick 0 checks 0 pend/check 0.00 tooDeep 0]  class 8100s  ETA ~2s
[   8160s] class 30/30 n=9 1-1-1-1-1-1-1-1-1 [searching]  subtrees 4438/4439 (100.0%)  canonical 4.398e8 (35008/s)  LPs 1.427e9  donated 1122 [running 12 idle@lastpick 0 checks 0 pend/check 0.00 tooDeep 0]  class 8160s  ETA ~2s
[   8220s] class 30/30 n=9 1-1-1-1-1-1-1-1-1 [searching]  subtrees 4438/4439 (100.0%)  canonical 4.418e8 (34039/s)  LPs 1.435e9  donated 1122 [running 12 idle@lastpick 0 checks 0 pend/check 0.00 tooDeep 0]  class 8220s  ETA ~2s
[   8280s] class 30/30 n=9 1-1-1-1-1-1-1-1-1 [searching]  subtrees 4438/4439 (100.0%)  canonical 4.439e8 (34631/s)  LPs 1.443e9  donated 1122 [running 12 idle@lastpick 0 checks 0 pend/check 0.00 tooDeep 0]  class 8280s  ETA ~2s
[   8340s] class 30/30 n=9 1-1-1-1-1-1-1-1-1 [searching]  subtrees 4438/4439 (100.0%)  canonical 4.459e8 (33152/s)  LPs 1.451e9  donated 1122 [running 12 idle@lastpick 0 checks 0 pend/check 0.00 tooDeep 0]  class 8340s  ETA ~2s
[   8400s] class 30/30 n=9 1-1-1-1-1-1-1-1-1 [searching]  subtrees 4438/4439 (100.0%)  canonical 4.478e8 (32687/s)  LPs 1.459e9  donated 1122 [running 12 idle@lastpick 0 checks 0 pend/check 0.00 tooDeep 0]  class 8400s  ETA ~2s
[   8460s] class 30/30 n=9 1-1-1-1-1-1-1-1-1 [searching]  subtrees 4438/4439 (100.0%)  canonical 4.498e8 (33301/s)  LPs 1.468e9  donated 1126 [running 12 idle@lastpick 0 checks 0 pend/check 0.00 tooDeep 0]  class 8460s  ETA ~2s
[   8520s] class 30/30 n=9 1-1-1-1-1-1-1-1-1 [searching]  subtrees 4438/4439 (100.0%)  canonical 4.519e8 (34689/s)  LPs 1.476e9  donated 1126 [running 12 idle@lastpick 0 checks 0 pend/check 0.00 tooDeep 0]  class 8520s  ETA ~2s
[   8580s] class 30/30 n=9 1-1-1-1-1-1-1-1-1 [searching]  subtrees 4438/4439 (100.0%)  canonical 4.539e8 (33659/s)  LPs 1.485e9  donated 1126 [running 12 idle@lastpick 0 checks 0 pend/check 0.00 tooDeep 0]  class 8580s  ETA ~2s
[   8640s] class 30/30 n=9 1-1-1-1-1-1-1-1-1 [searching]  subtrees 4438/4439 (100.0%)  canonical 4.559e8 (33290/s)  LPs 1.493e9  donated 1126 [running 12 idle@lastpick 0 checks 0 pend/check 0.00 tooDeep 0]  class 8640s  ETA ~2s
[   8700s] class 30/30 n=9 1-1-1-1-1-1-1-1-1 [searching]  subtrees 4438/4439 (100.0%)  canonical 4.584e8 (42133/s)  LPs 1.503e9  donated 1126 [running 12 idle@lastpick 0 checks 0 pend/check 0.00 tooDeep 0]  class 8700s  ETA ~2s
[   8760s] class 30/30 n=9 1-1-1-1-1-1-1-1-1 [searching]  subtrees 4438/4439 (100.0%)  canonical 4.605e8 (34362/s)  LPs 1.511e9  donated 1126 [running 12 idle@lastpick 0 checks 0 pend/check 0.00 tooDeep 0]  class 8760s  ETA ~2s
[   8820s] class 30/30 n=9 1-1-1-1-1-1-1-1-1 [searching]  subtrees 4438/4439 (100.0%)  canonical 4.625e8 (32451/s)  LPs 1.518e9  donated 1137 [running 12 idle@lastpick 0 checks 0 pend/check 0.00 tooDeep 0]  class 8820s  ETA ~2s
[   8880s] class 30/30 n=9 1-1-1-1-1-1-1-1-1 [searching]  subtrees 4438/4439 (100.0%)  canonical 4.644e8 (32487/s)  LPs 1.526e9  donated 1137 [running 12 idle@lastpick 0 checks 0 pend/check 0.00 tooDeep 0]  class 8880s  ETA ~2s
[   8940s] class 30/30 n=9 1-1-1-1-1-1-1-1-1 [searching]  subtrees 4438/4439 (100.0%)  canonical 4.665e8 (34092/s)  LPs 1.534e9  donated 1141 [running 12 idle@lastpick 0 checks 0 pend/check 0.00 tooDeep 0]  class 8940s  ETA ~2s
[   9000s] class 30/30 n=9 1-1-1-1-1-1-1-1-1 [searching]  subtrees 4438/4439 (100.0%)  canonical 4.685e8 (34130/s)  LPs 1.542e9  donated 1145 [running 12 idle@lastpick 0 checks 0 pend/check 0.00 tooDeep 0]  class 9000s  ETA ~2s
[   9060s] class 30/30 n=9 1-1-1-1-1-1-1-1-1 [searching]  subtrees 4438/4439 (100.0%)  canonical 4.704e8 (32277/s)  LPs 1.550e9  donated 1145 [running 12 idle@lastpick 0 checks 0 pend/check 0.00 tooDeep 0]  class 9060s  ETA ~2s
[   9120s] class 30/30 n=9 1-1-1-1-1-1-1-1-1 [searching]  subtrees 4438/4439 (100.0%)  canonical 4.723e8 (31199/s)  LPs 1.557e9  donated 1145 [running 12 idle@lastpick 0 checks 0 pend/check 0.00 tooDeep 0]  class 9120s  ETA ~2s
[   9180s] class 30/30 n=9 1-1-1-1-1-1-1-1-1 [searching]  subtrees 4438/4439 (100.0%)  canonical 4.742e8 (31753/s)  LPs 1.565e9  donated 1145 [running 12 idle@lastpick 0 checks 0 pend/check 0.00 tooDeep 0]  class 9180s  ETA ~2s
[   9240s] class 30/30 n=9 1-1-1-1-1-1-1-1-1 [searching]  subtrees 4438/4439 (100.0%)  canonical 4.762e8 (33642/s)  LPs 1.573e9  donated 1145 [running 12 idle@lastpick 0 checks 0 pend/check 0.00 tooDeep 0]  class 9240s  ETA ~2s
[   9300s] class 30/30 n=9 1-1-1-1-1-1-1-1-1 [searching]  subtrees 4438/4439 (100.0%)  canonical 4.782e8 (32100/s)  LPs 1.581e9  donated 1145 [running 12 idle@lastpick 0 checks 0 pend/check 0.00 tooDeep 0]  class 9300s  ETA ~2s
[   9360s] class 30/30 n=9 1-1-1-1-1-1-1-1-1 [searching]  subtrees 4438/4439 (100.0%)  canonical 4.801e8 (32870/s)  LPs 1.589e9  donated 1145 [running 12 idle@lastpick 0 checks 0 pend/check 0.00 tooDeep 0]  class 9360s  ETA ~2s
[   9420s] class 30/30 n=9 1-1-1-1-1-1-1-1-1 [searching]  subtrees 4438/4439 (100.0%)  canonical 4.821e8 (32832/s)  LPs 1.597e9  donated 1145 [running 12 idle@lastpick 0 checks 0 pend/check 0.00 tooDeep 0]  class 9420s  ETA ~2s
[   9480s] class 30/30 n=9 1-1-1-1-1-1-1-1-1 [searching]  subtrees 4438/4439 (100.0%)  canonical 4.841e8 (33064/s)  LPs 1.604e9  donated 1145 [running 12 idle@lastpick 0 checks 0 pend/check 0.00 tooDeep 0]  class 9480s  ETA ~2s
[   9540s] class 30/30 n=9 1-1-1-1-1-1-1-1-1 [searching]  subtrees 4438/4439 (100.0%)  canonical 4.862e8 (35491/s)  LPs 1.612e9  donated 1148 [running 12 idle@lastpick 0 checks 0 pend/check 0.00 tooDeep 0]  class 9540s  ETA ~2s
[   9600s] class 30/30 n=9 1-1-1-1-1-1-1-1-1 [searching]  subtrees 4438/4439 (100.0%)  canonical 4.884e8 (36002/s)  LPs 1.621e9  donated 1148 [running 12 idle@lastpick 0 checks 0 pend/check 0.00 tooDeep 0]  class 9600s  ETA ~2s
[   9660s] class 30/30 n=9 1-1-1-1-1-1-1-1-1 [searching]  subtrees 4438/4439 (100.0%)  canonical 4.903e8 (32786/s)  LPs 1.629e9  donated 1148 [running 12 idle@lastpick 0 checks 0 pend/check 0.00 tooDeep 0]  class 9660s  ETA ~2s
[   9720s] class 30/30 n=9 1-1-1-1-1-1-1-1-1 [searching]  subtrees 4438/4439 (100.0%)  canonical 4.924e8 (35069/s)  LPs 1.637e9  donated 1148 [running 12 idle@lastpick 0 checks 0 pend/check 0.00 tooDeep 0]  class 9720s  ETA ~2s
[   9780s] class 30/30 n=9 1-1-1-1-1-1-1-1-1 [searching]  subtrees 4438/4439 (100.0%)  canonical 4.943e8 (31519/s)  LPs 1.645e9  donated 1155 [running 12 idle@lastpick 0 checks 0 pend/check 0.00 tooDeep 0]  class 9780s  ETA ~2s
[   9840s] class 30/30 n=9 1-1-1-1-1-1-1-1-1 [searching]  subtrees 4438/4439 (100.0%)  canonical 4.962e8 (31186/s)  LPs 1.653e9  donated 1155 [running 12 idle@lastpick 0 checks 0 pend/check 0.00 tooDeep 0]  class 9840s  ETA ~2s
[   9900s] class 30/30 n=9 1-1-1-1-1-1-1-1-1 [searching]  subtrees 4438/4439 (100.0%)  canonical 4.981e8 (31353/s)  LPs 1.661e9  donated 1155 [running 12 idle@lastpick 0 checks 0 pend/check 0.00 tooDeep 0]  class 9900s  ETA ~2s
[   9960s] class 30/30 n=9 1-1-1-1-1-1-1-1-1 [searching]  subtrees 4438/4439 (100.0%)  canonical 4.999e8 (30153/s)  LPs 1.669e9  donated 1155 [running 12 idle@lastpick 0 checks 0 pend/check 0.00 tooDeep 0]  class 9960s  ETA ~2s
[  10020s] class 30/30 n=9 1-1-1-1-1-1-1-1-1 [searching]  subtrees 4438/4439 (100.0%)  canonical 5.018e8 (31147/s)  LPs 1.677e9  donated 1155 [running 12 idle@lastpick 0 checks 0 pend/check 0.00 tooDeep 0]  class 10020s  ETA ~2s
[  10080s] class 30/30 n=9 1-1-1-1-1-1-1-1-1 [searching]  subtrees 4438/4439 (100.0%)  canonical 5.036e8 (31292/s)  LPs 1.685e9  donated 1155 [running 12 idle@lastpick 0 checks 0 pend/check 0.00 tooDeep 0]  class 10080s  ETA ~2s
[  10140s] class 30/30 n=9 1-1-1-1-1-1-1-1-1 [searching]  subtrees 4438/4439 (100.0%)  canonical 5.056e8 (32055/s)  LPs 1.693e9  donated 1155 [running 12 idle@lastpick 0 checks 0 pend/check 0.00 tooDeep 0]  class 10140s  ETA ~2s
[  10200s] class 30/30 n=9 1-1-1-1-1-1-1-1-1 [searching]  subtrees 4438/4439 (100.0%)  canonical 5.075e8 (32999/s)  LPs 1.701e9  donated 1155 [running 12 idle@lastpick 0 checks 0 pend/check 0.00 tooDeep 0]  class 10200s  ETA ~2s
[  10260s] class 30/30 n=9 1-1-1-1-1-1-1-1-1 [searching]  subtrees 4438/4439 (100.0%)  canonical 5.095e8 (32574/s)  LPs 1.709e9  donated 1155 [running 12 idle@lastpick 0 checks 0 pend/check 0.00 tooDeep 0]  class 10260s  ETA ~2s
[  10320s] class 30/30 n=9 1-1-1-1-1-1-1-1-1 [searching]  subtrees 4438/4439 (100.0%)  canonical 5.114e8 (31698/s)  LPs 1.717e9  donated 1155 [running 12 idle@lastpick 0 checks 0 pend/check 0.00 tooDeep 0]  class 10320s  ETA ~2s
[  10380s] class 30/30 n=9 1-1-1-1-1-1-1-1-1 [searching]  subtrees 4438/4439 (100.0%)  canonical 5.135e8 (34147/s)  LPs 1.725e9  donated 1155 [running 12 idle@lastpick 0 checks 0 pend/check 0.00 tooDeep 0]  class 10380s  ETA ~2s
[  10440s] class 30/30 n=9 1-1-1-1-1-1-1-1-1 [searching]  subtrees 4438/4439 (100.0%)  canonical 5.158e8 (39793/s)  LPs 1.734e9  donated 1155 [running 12 idle@lastpick 0 checks 0 pend/check 0.00 tooDeep 0]  class 10440s  ETA ~2s
[  10500s] class 30/30 n=9 1-1-1-1-1-1-1-1-1 [searching]  subtrees 4438/4439 (100.0%)  canonical 5.187e8 (47507/s)  LPs 1.745e9  donated 1164 [running 12 idle@lastpick 0 checks 0 pend/check 0.00 tooDeep 0]  class 10500s  ETA ~2s
[  10560s] class 30/30 n=9 1-1-1-1-1-1-1-1-1 [searching]  subtrees 4438/4439 (100.0%)  canonical 5.215e8 (46015/s)  LPs 1.756e9  donated 1164 [running 12 idle@lastpick 0 checks 0 pend/check 0.00 tooDeep 0]  class 10560s  ETA ~2s
[  10620s] class 30/30 n=9 1-1-1-1-1-1-1-1-1 [searching]  subtrees 4438/4439 (100.0%)  canonical 5.242e8 (46407/s)  LPs 1.767e9  donated 1170 [running 12 idle@lastpick 0 checks 0 pend/check 0.00 tooDeep 0]  class 10620s  ETA ~2s
[  10680s] class 30/30 n=9 1-1-1-1-1-1-1-1-1 [searching]  subtrees 4438/4439 (100.0%)  canonical 5.269e8 (45186/s)  LPs 1.779e9  donated 1170 [running 12 idle@lastpick 0 checks 0 pend/check 0.00 tooDeep 0]  class 10680s  ETA ~2s
[  10740s] class 30/30 n=9 1-1-1-1-1-1-1-1-1 [searching]  subtrees 4438/4439 (100.0%)  canonical 5.297e8 (46534/s)  LPs 1.790e9  donated 1170 [running 12 idle@lastpick 0 checks 0 pend/check 0.00 tooDeep 0]  class 10740s  ETA ~2s
[  10800s] class 30/30 n=9 1-1-1-1-1-1-1-1-1 [searching]  subtrees 4438/4439 (100.0%)  canonical 5.326e8 (47295/s)  LPs 1.801e9  donated 1170 [running 12 idle@lastpick 0 checks 0 pend/check 0.00 tooDeep 0]  class 10800s  ETA ~2s
[  10860s] class 30/30 n=9 1-1-1-1-1-1-1-1-1 [searching]  subtrees 4438/4439 (100.0%)  canonical 5.355e8 (48071/s)  LPs 1.812e9  donated 1327 [running 12 idle@lastpick 0 checks 0 pend/check 0.00 tooDeep 0]  class 10860s  ETA ~2s
[  10920s] class 30/30 n=9 1-1-1-1-1-1-1-1-1 [searching]  subtrees 4438/4439 (100.0%)  canonical 5.384e8 (48645/s)  LPs 1.824e9  donated 1327 [running 12 idle@lastpick 0 checks 0 pend/check 0.00 tooDeep 0]  class 10920s  ETA ~2s
[  10980s] class 30/30 n=9 1-1-1-1-1-1-1-1-1 [searching]  subtrees 4438/4439 (100.0%)  canonical 5.414e8 (49753/s)  LPs 1.835e9  donated 1327 [running 12 idle@lastpick 0 checks 0 pend/check 0.00 tooDeep 0]  class 10980s  ETA ~2s
[  11040s] class 30/30 n=9 1-1-1-1-1-1-1-1-1 [searching]  subtrees 4438/4439 (100.0%)  canonical 5.444e8 (50301/s)  LPs 1.847e9  donated 1351 [running 12 idle@lastpick 0 checks 0 pend/check 0.00 tooDeep 0]  class 11040s  ETA ~2s
[  11100s] class 30/30 n=9 1-1-1-1-1-1-1-1-1 [searching]  subtrees 4438/4439 (100.0%)  canonical 5.473e8 (49117/s)  LPs 1.858e9  donated 1406 [running 12 idle@lastpick 0 checks 0 pend/check 0.00 tooDeep 0]  class 11100s  ETA ~3s
[  11160s] class 30/30 n=9 1-1-1-1-1-1-1-1-1 [searching]  subtrees 4438/4439 (100.0%)  canonical 5.502e8 (48441/s)  LPs 1.869e9  donated 1415 [running 12 idle@lastpick 0 checks 0 pend/check 0.00 tooDeep 0]  class 11160s  ETA ~3s
[  11220s] class 30/30 n=9 1-1-1-1-1-1-1-1-1 [searching]  subtrees 4438/4439 (100.0%)  canonical 5.533e8 (51317/s)  LPs 1.881e9  donated 1419 [running 12 idle@lastpick 0 checks 0 pend/check 0.00 tooDeep 0]  class 11220s  ETA ~3s
[  11280s] class 30/30 n=9 1-1-1-1-1-1-1-1-1 [searching]  subtrees 4438/4439 (100.0%)  canonical 5.565e8 (53656/s)  LPs 1.892e9  donated 1426 [running 12 idle@lastpick 0 checks 0 pend/check 0.00 tooDeep 0]  class 11280s  ETA ~3s
[  11340s] class 30/30 n=9 1-1-1-1-1-1-1-1-1 [searching]  subtrees 4438/4439 (100.0%)  canonical 5.596e8 (50619/s)  LPs 1.904e9  donated 1461 [running 12 idle@lastpick 0 checks 0 pend/check 0.00 tooDeep 0]  class 11340s  ETA ~3s
[  11400s] class 30/30 n=9 1-1-1-1-1-1-1-1-1 [searching]  subtrees 4438/4439 (100.0%)  canonical 5.625e8 (49175/s)  LPs 1.915e9  donated 1464 [running 12 idle@lastpick 0 checks 0 pend/check 0.00 tooDeep 0]  class 11400s  ETA ~3s
[  11460s] class 30/30 n=9 1-1-1-1-1-1-1-1-1 [searching]  subtrees 4438/4439 (100.0%)  canonical 5.655e8 (49695/s)  LPs 1.927e9  donated 1467 [running 12 idle@lastpick 0 checks 0 pend/check 0.00 tooDeep 0]  class 11460s  ETA ~3s
[  11520s] class 30/30 n=9 1-1-1-1-1-1-1-1-1 [searching]  subtrees 4438/4439 (100.0%)  canonical 5.685e8 (49837/s)  LPs 1.938e9  donated 1477 [running 12 idle@lastpick 0 checks 0 pend/check 0.00 tooDeep 0]  class 11520s  ETA ~3s
[  11580s] class 30/30 n=9 1-1-1-1-1-1-1-1-1 [searching]  subtrees 4438/4439 (100.0%)  canonical 5.716e8 (51444/s)  LPs 1.949e9  donated 1477 [running 12 idle@lastpick 0 checks 0 pend/check 0.00 tooDeep 0]  class 11580s  ETA ~3s
[  11640s] class 30/30 n=9 1-1-1-1-1-1-1-1-1 [searching]  subtrees 4438/4439 (100.0%)  canonical 5.748e8 (53191/s)  LPs 1.961e9  donated 1481 [running 12 idle@lastpick 0 checks 0 pend/check 0.00 tooDeep 0]  class 11640s  ETA ~3s
[  11700s] class 30/30 n=9 1-1-1-1-1-1-1-1-1 [searching]  subtrees 4438/4439 (100.0%)  canonical 5.780e8 (54378/s)  LPs 1.972e9  donated 1481 [running 12 idle@lastpick 0 checks 0 pend/check 0.00 tooDeep 0]  class 11700s  ETA ~3s
[  11760s] class 30/30 n=9 1-1-1-1-1-1-1-1-1 [searching]  subtrees 4438/4439 (100.0%)  canonical 5.812e8 (52410/s)  LPs 1.984e9  donated 1486 [running 12 idle@lastpick 0 checks 0 pend/check 0.00 tooDeep 0]  class 11760s  ETA ~3s
[  11820s] class 30/30 n=9 1-1-1-1-1-1-1-1-1 [searching]  subtrees 4438/4439 (100.0%)  canonical 5.844e8 (53340/s)  LPs 1.995e9  donated 1491 [running 12 idle@lastpick 0 checks 0 pend/check 0.00 tooDeep 0]  class 11820s  ETA ~3s
[  11880s] class 30/30 n=9 1-1-1-1-1-1-1-1-1 [searching]  subtrees 4438/4439 (100.0%)  canonical 5.874e8 (50881/s)  LPs 2.006e9  donated 1494 [running 12 idle@lastpick 0 checks 0 pend/check 0.00 tooDeep 0]  class 11880s  ETA ~3s
[  11940s] class 30/30 n=9 1-1-1-1-1-1-1-1-1 [searching]  subtrees 4438/4439 (100.0%)  canonical 5.904e8 (49692/s)  LPs 2.018e9  donated 1494 [running 12 idle@lastpick 0 checks 0 pend/check 0.00 tooDeep 0]  class 11940s  ETA ~3s
[  12000s] class 30/30 n=9 1-1-1-1-1-1-1-1-1 [searching]  subtrees 4438/4439 (100.0%)  canonical 5.936e8 (52710/s)  LPs 2.029e9  donated 1499 [running 12 idle@lastpick 0 checks 0 pend/check 0.00 tooDeep 0]  class 12000s  ETA ~3s
[  12060s] class 30/30 n=9 1-1-1-1-1-1-1-1-1 [searching]  subtrees 4438/4439 (100.0%)  canonical 5.965e8 (48726/s)  LPs 2.040e9  donated 1499 [running 12 idle@lastpick 0 checks 0 pend/check 0.00 tooDeep 0]  class 12060s  ETA ~3s
[  12120s] class 30/30 n=9 1-1-1-1-1-1-1-1-1 [searching]  subtrees 4438/4439 (100.0%)  canonical 5.996e8 (50777/s)  LPs 2.052e9  donated 1512 [running 12 idle@lastpick 0 checks 0 pend/check 0.00 tooDeep 0]  class 12120s  ETA ~3s
[  12180s] class 30/30 n=9 1-1-1-1-1-1-1-1-1 [searching]  subtrees 4438/4439 (100.0%)  canonical 6.026e8 (51519/s)  LPs 2.063e9  donated 1520 [running 12 idle@lastpick 0 checks 0 pend/check 0.00 tooDeep 0]  class 12180s  ETA ~3s
[  12240s] class 30/30 n=9 1-1-1-1-1-1-1-1-1 [searching]  subtrees 4438/4439 (100.0%)  canonical 6.058e8 (52135/s)  LPs 2.074e9  donated 1520 [running 12 idle@lastpick 0 checks 0 pend/check 0.00 tooDeep 0]  class 12240s  ETA ~3s
[  12300s] class 30/30 n=9 1-1-1-1-1-1-1-1-1 [searching]  subtrees 4438/4439 (100.0%)  canonical 6.090e8 (53428/s)  LPs 2.086e9  donated 1520 [running 12 idle@lastpick 0 checks 0 pend/check 0.00 tooDeep 0]  class 12300s  ETA ~3s
[  12360s] class 30/30 n=9 1-1-1-1-1-1-1-1-1 [searching]  subtrees 4438/4439 (100.0%)  canonical 6.120e8 (50112/s)  LPs 2.097e9  donated 1523 [running 12 idle@lastpick 0 checks 0 pend/check 0.00 tooDeep 0]  class 12360s  ETA ~3s
[  12420s] class 30/30 n=9 1-1-1-1-1-1-1-1-1 [searching]  subtrees 4438/4439 (100.0%)  canonical 6.151e8 (52228/s)  LPs 2.108e9  donated 1523 [running 12 idle@lastpick 0 checks 0 pend/check 0.00 tooDeep 0]  class 12420s  ETA ~3s
[  12480s] class 30/30 n=9 1-1-1-1-1-1-1-1-1 [searching]  subtrees 4438/4439 (100.0%)  canonical 6.182e8 (50898/s)  LPs 2.120e9  donated 1551 [running 12 idle@lastpick 0 checks 0 pend/check 0.00 tooDeep 0]  class 12480s  ETA ~3s
[  12540s] class 30/30 n=9 1-1-1-1-1-1-1-1-1 [searching]  subtrees 4438/4439 (100.0%)  canonical 6.212e8 (49833/s)  LPs 2.131e9  donated 1556 [running 12 idle@lastpick 0 checks 0 pend/check 0.00 tooDeep 0]  class 12540s  ETA ~3s
[  12600s] class 30/30 n=9 1-1-1-1-1-1-1-1-1 [searching]  subtrees 4438/4439 (100.0%)  canonical 6.242e8 (50867/s)  LPs 2.142e9  donated 1560 [running 12 idle@lastpick 0 checks 0 pend/check 0.00 tooDeep 0]  class 12600s  ETA ~3s
[  12660s] class 30/30 n=9 1-1-1-1-1-1-1-1-1 [searching]  subtrees 4438/4439 (100.0%)  canonical 6.273e8 (50837/s)  LPs 2.154e9  donated 1560 [running 12 idle@lastpick 0 checks 0 pend/check 0.00 tooDeep 0]  class 12660s  ETA ~3s
[  12720s] class 30/30 n=9 1-1-1-1-1-1-1-1-1 [searching]  subtrees 4438/4439 (100.0%)  canonical 6.302e8 (48588/s)  LPs 2.165e9  donated 1560 [running 12 idle@lastpick 0 checks 0 pend/check 0.00 tooDeep 0]  class 12720s  ETA ~3s
[  12780s] class 30/30 n=9 1-1-1-1-1-1-1-1-1 [searching]  subtrees 4438/4439 (100.0%)  canonical 6.331e8 (48108/s)  LPs 2.177e9  donated 1560 [running 12 idle@lastpick 0 checks 0 pend/check 0.00 tooDeep 0]  class 12780s  ETA ~3s
[  12840s] class 30/30 n=9 1-1-1-1-1-1-1-1-1 [searching]  subtrees 4438/4439 (100.0%)  canonical 6.361e8 (50209/s)  LPs 2.188e9  donated 1560 [running 12 idle@lastpick 0 checks 0 pend/check 0.00 tooDeep 0]  class 12840s  ETA ~3s
[  12900s] class 30/30 n=9 1-1-1-1-1-1-1-1-1 [searching]  subtrees 4438/4439 (100.0%)  canonical 6.391e8 (50428/s)  LPs 2.199e9  donated 1560 [running 12 idle@lastpick 0 checks 0 pend/check 0.00 tooDeep 0]  class 12900s  ETA ~3s
[  12960s] class 30/30 n=9 1-1-1-1-1-1-1-1-1 [searching]  subtrees 4438/4439 (100.0%)  canonical 6.423e8 (53222/s)  LPs 2.211e9  donated 1565 [running 12 idle@lastpick 0 checks 0 pend/check 0.00 tooDeep 0]  class 12960s  ETA ~3s
[  13020s] class 30/30 n=9 1-1-1-1-1-1-1-1-1 [searching]  subtrees 4438/4439 (100.0%)  canonical 6.455e8 (53380/s)  LPs 2.222e9  donated 1565 [running 12 idle@lastpick 0 checks 0 pend/check 0.00 tooDeep 0]  class 13020s  ETA ~3s
[  13080s] class 30/30 n=9 1-1-1-1-1-1-1-1-1 [searching]  subtrees 4438/4439 (100.0%)  canonical 6.489e8 (55972/s)  LPs 2.233e9  donated 1573 [running 12 idle@lastpick 0 checks 0 pend/check 0.00 tooDeep 0]  class 13080s  ETA ~3s
[  13140s] class 30/30 n=9 1-1-1-1-1-1-1-1-1 [searching]  subtrees 4438/4439 (100.0%)  canonical 6.522e8 (55616/s)  LPs 2.245e9  donated 1602 [running 12 idle@lastpick 0 checks 0 pend/check 0.00 tooDeep 0]  class 13140s  ETA ~3s
[  13200s] class 30/30 n=9 1-1-1-1-1-1-1-1-1 [searching]  subtrees 4438/4439 (100.0%)  canonical 6.553e8 (50952/s)  LPs 2.256e9  donated 1610 [running 12 idle@lastpick 0 checks 0 pend/check 0.00 tooDeep 0]  class 13200s  ETA ~3s
[  13260s] class 30/30 n=9 1-1-1-1-1-1-1-1-1 [searching]  subtrees 4438/4439 (100.0%)  canonical 6.583e8 (50487/s)  LPs 2.267e9  donated 1618 [running 12 idle@lastpick 0 checks 0 pend/check 0.00 tooDeep 0]  class 13260s  ETA ~3s
[  13320s] class 30/30 n=9 1-1-1-1-1-1-1-1-1 [searching]  subtrees 4438/4439 (100.0%)  canonical 6.614e8 (51683/s)  LPs 2.278e9  donated 1623 [running 12 idle@lastpick 0 checks 0 pend/check 0.00 tooDeep 0]  class 13320s  ETA ~3s
[  13380s] class 30/30 n=9 1-1-1-1-1-1-1-1-1 [searching]  subtrees 4438/4439 (100.0%)  canonical 6.643e8 (49489/s)  LPs 2.290e9  donated 1635 [running 12 idle@lastpick 0 checks 0 pend/check 0.00 tooDeep 0]  class 13380s  ETA ~3s
[  13440s] class 30/30 n=9 1-1-1-1-1-1-1-1-1 [searching]  subtrees 4438/4439 (100.0%)  canonical 6.671e8 (46138/s)  LPs 2.301e9  donated 1635 [running 12 idle@lastpick 0 checks 0 pend/check 0.00 tooDeep 0]  class 13440s  ETA ~3s
[  13500s] class 30/30 n=9 1-1-1-1-1-1-1-1-1 [searching]  subtrees 4438/4439 (100.0%)  canonical 6.698e8 (44866/s)  LPs 2.312e9  donated 1643 [running 12 idle@lastpick 0 checks 0 pend/check 0.00 tooDeep 0]  class 13500s  ETA ~3s
[  13560s] class 30/30 n=9 1-1-1-1-1-1-1-1-1 [searching]  subtrees 4438/4439 (100.0%)  canonical 6.727e8 (47645/s)  LPs 2.323e9  donated 1651 [running 12 idle@lastpick 0 checks 0 pend/check 0.00 tooDeep 0]  class 13560s  ETA ~3s
[  13620s] class 30/30 n=9 1-1-1-1-1-1-1-1-1 [searching]  subtrees 4438/4439 (100.0%)  canonical 6.756e8 (48824/s)  LPs 2.334e9  donated 1666 [running 12 idle@lastpick 0 checks 0 pend/check 0.00 tooDeep 0]  class 13620s  ETA ~3s
[  13680s] class 30/30 n=9 1-1-1-1-1-1-1-1-1 [searching]  subtrees 4438/4439 (100.0%)  canonical 6.783e8 (45390/s)  LPs 2.346e9  donated 1666 [running 12 idle@lastpick 0 checks 0 pend/check 0.00 tooDeep 0]  class 13680s  ETA ~3s
[  13740s] class 30/30 n=9 1-1-1-1-1-1-1-1-1 [searching]  subtrees 4438/4439 (100.0%)  canonical 6.812e8 (48824/s)  LPs 2.357e9  donated 1695 [running 12 idle@lastpick 0 checks 0 pend/check 0.00 tooDeep 0]  class 13740s  ETA ~3s
[  13800s] class 30/30 n=9 1-1-1-1-1-1-1-1-1 [searching]  subtrees 4438/4439 (100.0%)  canonical 6.844e8 (52147/s)  LPs 2.368e9  donated 1724 [running 12 idle@lastpick 0 checks 0 pend/check 0.00 tooDeep 0]  class 13800s  ETA ~3s
[  13860s] class 30/30 n=9 1-1-1-1-1-1-1-1-1 [searching]  subtrees 4438/4439 (100.0%)  canonical 6.876e8 (53920/s)  LPs 2.379e9  donated 1747 [running 12 idle@lastpick 0 checks 0 pend/check 0.00 tooDeep 0]  class 13860s  ETA ~3s
[  13920s] class 30/30 n=9 1-1-1-1-1-1-1-1-1 [searching]  subtrees 4438/4439 (100.0%)  canonical 6.907e8 (50652/s)  LPs 2.391e9  donated 1760 [running 12 idle@lastpick 0 checks 0 pend/check 0.00 tooDeep 0]  class 13920s  ETA ~3s
[  13980s] class 30/30 n=9 1-1-1-1-1-1-1-1-1 [searching]  subtrees 4438/4439 (100.0%)  canonical 6.938e8 (51635/s)  LPs 2.402e9  donated 1770 [running 12 idle@lastpick 0 checks 0 pend/check 0.00 tooDeep 0]  class 13980s  ETA ~3s
[  14040s] class 30/30 n=9 1-1-1-1-1-1-1-1-1 [searching]  subtrees 4438/4439 (100.0%)  canonical 6.970e8 (53352/s)  LPs 2.413e9  donated 1778 [running 12 idle@lastpick 0 checks 0 pend/check 0.00 tooDeep 0]  class 14040s  ETA ~3s
[  14100s] class 30/30 n=9 1-1-1-1-1-1-1-1-1 [searching]  subtrees 4438/4439 (100.0%)  canonical 7.001e8 (51808/s)  LPs 2.425e9  donated 1790 [running 12 idle@lastpick 0 checks 0 pend/check 0.00 tooDeep 0]  class 14100s  ETA ~3s
[  14160s] class 30/30 n=9 1-1-1-1-1-1-1-1-1 [searching]  subtrees 4438/4439 (100.0%)  canonical 7.031e8 (51354/s)  LPs 2.436e9  donated 1806 [running 12 idle@lastpick 0 checks 0 pend/check 0.00 tooDeep 0]  class 14160s  ETA ~3s
[  14220s] class 30/30 n=9 1-1-1-1-1-1-1-1-1 [searching]  subtrees 4438/4439 (100.0%)  canonical 7.062e8 (51679/s)  LPs 2.447e9  donated 1822 [running 12 idle@lastpick 0 checks 0 pend/check 0.00 tooDeep 0]  class 14220s  ETA ~3s
[  14280s] class 30/30 n=9 1-1-1-1-1-1-1-1-1 [searching]  subtrees 4438/4439 (100.0%)  canonical 7.094e8 (53127/s)  LPs 2.459e9  donated 1830 [running 12 idle@lastpick 0 checks 0 pend/check 0.00 tooDeep 0]  class 14280s  ETA ~3s
[  14340s] class 30/30 n=9 1-1-1-1-1-1-1-1-1 [searching]  subtrees 4438/4439 (100.0%)  canonical 7.127e8 (53849/s)  LPs 2.470e9  donated 1830 [running 12 idle@lastpick 0 checks 0 pend/check 0.00 tooDeep 0]  class 14340s  ETA ~3s
[  14400s] class 30/30 n=9 1-1-1-1-1-1-1-1-1 [searching]  subtrees 4438/4439 (100.0%)  canonical 7.159e8 (53958/s)  LPs 2.481e9  donated 1836 [running 12 idle@lastpick 0 checks 0 pend/check 0.00 tooDeep 0]  class 14400s  ETA ~3s
[  14460s] class 30/30 n=9 1-1-1-1-1-1-1-1-1 [searching]  subtrees 4438/4439 (100.0%)  canonical 7.191e8 (53894/s)  LPs 2.493e9  donated 1836 [running 12 idle@lastpick 0 checks 0 pend/check 0.00 tooDeep 0]  class 14460s  ETA ~3s
[  14520s] class 30/30 n=9 1-1-1-1-1-1-1-1-1 [searching]  subtrees 4438/4439 (100.0%)  canonical 7.224e8 (53942/s)  LPs 2.504e9  donated 1840 [running 12 idle@lastpick 0 checks 0 pend/check 0.00 tooDeep 0]  class 14520s  ETA ~3s
[  14580s] class 30/30 n=9 1-1-1-1-1-1-1-1-1 [searching]  subtrees 4438/4439 (100.0%)  canonical 7.256e8 (53850/s)  LPs 2.515e9  donated 1846 [running 12 idle@lastpick 0 checks 0 pend/check 0.00 tooDeep 0]  class 14580s  ETA ~3s
[  14640s] class 30/30 n=9 1-1-1-1-1-1-1-1-1 [searching]  subtrees 4438/4439 (100.0%)  canonical 7.289e8 (55796/s)  LPs 2.527e9  donated 1856 [running 12 idle@lastpick 0 checks 0 pend/check 0.00 tooDeep 0]  class 14640s  ETA ~3s
[  14700s] class 30/30 n=9 1-1-1-1-1-1-1-1-1 [searching]  subtrees 4438/4439 (100.0%)  canonical 7.322e8 (54520/s)  LPs 2.538e9  donated 1858 [running 12 idle@lastpick 0 checks 0 pend/check 0.00 tooDeep 0]  class 14700s  ETA ~3s
[  14760s] class 30/30 n=9 1-1-1-1-1-1-1-1-1 [searching]  subtrees 4438/4439 (100.0%)  canonical 7.355e8 (54620/s)  LPs 2.550e9  donated 1876 [running 12 idle@lastpick 0 checks 0 pend/check 0.00 tooDeep 0]  class 14760s  ETA ~3s
[  14820s] class 30/30 n=9 1-1-1-1-1-1-1-1-1 [searching]  subtrees 4438/4439 (100.0%)  canonical 7.387e8 (54236/s)  LPs 2.561e9  donated 1876 [running 12 idle@lastpick 0 checks 0 pend/check 0.00 tooDeep 0]  class 14820s  ETA ~3s
[  14880s] class 30/30 n=9 1-1-1-1-1-1-1-1-1 [searching]  subtrees 4438/4439 (100.0%)  canonical 7.420e8 (54438/s)  LPs 2.572e9  donated 1888 [running 12 idle@lastpick 0 checks 0 pend/check 0.00 tooDeep 0]  class 14880s  ETA ~3s
[  14940s] class 30/30 n=9 1-1-1-1-1-1-1-1-1 [searching]  subtrees 4438/4439 (100.0%)  canonical 7.451e8 (52161/s)  LPs 2.583e9  donated 1893 [running 12 idle@lastpick 0 checks 0 pend/check 0.00 tooDeep 0]  class 14940s  ETA ~3s
[  15000s] class 30/30 n=9 1-1-1-1-1-1-1-1-1 [searching]  subtrees 4438/4439 (100.0%)  canonical 7.481e8 (49091/s)  LPs 2.595e9  donated 1901 [running 12 idle@lastpick 0 checks 0 pend/check 0.00 tooDeep 0]  class 15000s  ETA ~3s
[  15060s] class 30/30 n=9 1-1-1-1-1-1-1-1-1 [searching]  subtrees 4438/4439 (100.0%)  canonical 7.510e8 (48748/s)  LPs 2.606e9  donated 1901 [running 12 idle@lastpick 0 checks 0 pend/check 0.00 tooDeep 0]  class 15060s  ETA ~3s
[  15120s] class 30/30 n=9 1-1-1-1-1-1-1-1-1 [searching]  subtrees 4438/4439 (100.0%)  canonical 7.539e8 (48371/s)  LPs 2.617e9  donated 1901 [running 12 idle@lastpick 0 checks 0 pend/check 0.00 tooDeep 0]  class 15120s  ETA ~3s
[  15180s] class 30/30 n=9 1-1-1-1-1-1-1-1-1 [searching]  subtrees 4438/4439 (100.0%)  canonical 7.569e8 (50527/s)  LPs 2.628e9  donated 1903 [running 12 idle@lastpick 0 checks 0 pend/check 0.00 tooDeep 0]  class 15180s  ETA ~3s
[  15240s] class 30/30 n=9 1-1-1-1-1-1-1-1-1 [searching]  subtrees 4438/4439 (100.0%)  canonical 7.599e8 (49939/s)  LPs 2.639e9  donated 1908 [running 12 idle@lastpick 0 checks 0 pend/check 0.00 tooDeep 0]  class 15240s  ETA ~3s
[  15300s] class 30/30 n=9 1-1-1-1-1-1-1-1-1 [searching]  subtrees 4438/4439 (100.0%)  canonical 7.628e8 (48347/s)  LPs 2.650e9  donated 1915 [running 12 idle@lastpick 0 checks 0 pend/check 0.00 tooDeep 0]  class 15300s  ETA ~3s
[  15360s] class 30/30 n=9 1-1-1-1-1-1-1-1-1 [searching]  subtrees 4438/4439 (100.0%)  canonical 7.658e8 (48435/s)  LPs 2.662e9  donated 1915 [running 12 idle@lastpick 0 checks 0 pend/check 0.00 tooDeep 0]  class 15360s  ETA ~3s
[  15420s] class 30/30 n=9 1-1-1-1-1-1-1-1-1 [searching]  subtrees 4438/4439 (100.0%)  canonical 7.687e8 (48410/s)  LPs 2.673e9  donated 1915 [running 12 idle@lastpick 0 checks 0 pend/check 0.00 tooDeep 0]  class 15420s  ETA ~3s
[  15480s] class 30/30 n=9 1-1-1-1-1-1-1-1-1 [searching]  subtrees 4438/4439 (100.0%)  canonical 7.717e8 (50901/s)  LPs 2.684e9  donated 1920 [running 12 idle@lastpick 0 checks 0 pend/check 0.00 tooDeep 0]  class 15480s  ETA ~3s
[  15540s] class 30/30 n=9 1-1-1-1-1-1-1-1-1 [searching]  subtrees 4438/4439 (100.0%)  canonical 7.746e8 (48386/s)  LPs 2.695e9  donated 1924 [running 12 idle@lastpick 0 checks 0 pend/check 0.00 tooDeep 0]  class 15540s  ETA ~4s
[  15600s] class 30/30 n=9 1-1-1-1-1-1-1-1-1 [searching]  subtrees 4438/4439 (100.0%)  canonical 7.775e8 (47709/s)  LPs 2.707e9  donated 1926 [running 12 idle@lastpick 0 checks 0 pend/check 0.00 tooDeep 0]  class 15600s  ETA ~4s
[  15660s] class 30/30 n=9 1-1-1-1-1-1-1-1-1 [searching]  subtrees 4438/4439 (100.0%)  canonical 7.805e8 (50286/s)  LPs 2.718e9  donated 1937 [running 12 idle@lastpick 0 checks 0 pend/check 0.00 tooDeep 0]  class 15660s  ETA ~4s
[  15720s] class 30/30 n=9 1-1-1-1-1-1-1-1-1 [searching]  subtrees 4438/4439 (100.0%)  canonical 7.833e8 (46338/s)  LPs 2.729e9  donated 1937 [running 12 idle@lastpick 0 checks 0 pend/check 0.00 tooDeep 0]  class 15720s  ETA ~4s
[  15780s] class 30/30 n=9 1-1-1-1-1-1-1-1-1 [searching]  subtrees 4438/4439 (100.0%)  canonical 7.859e8 (43275/s)  LPs 2.740e9  donated 1937 [running 12 idle@lastpick 0 checks 0 pend/check 0.00 tooDeep 0]  class 15780s  ETA ~4s
[  15840s] class 30/30 n=9 1-1-1-1-1-1-1-1-1 [searching]  subtrees 4438/4439 (100.0%)  canonical 7.887e8 (46790/s)  LPs 2.751e9  donated 1944 [running 12 idle@lastpick 0 checks 0 pend/check 0.00 tooDeep 0]  class 15840s  ETA ~4s
[  15900s] class 30/30 n=9 1-1-1-1-1-1-1-1-1 [searching]  subtrees 4438/4439 (100.0%)  canonical 7.917e8 (50064/s)  LPs 2.762e9  donated 1949 [running 12 idle@lastpick 0 checks 0 pend/check 0.00 tooDeep 0]  class 15900s  ETA ~4s
[  15960s] class 30/30 n=9 1-1-1-1-1-1-1-1-1 [searching]  subtrees 4438/4439 (100.0%)  canonical 7.946e8 (49223/s)  LPs 2.774e9  donated 1949 [running 12 idle@lastpick 0 checks 0 pend/check 0.00 tooDeep 0]  class 15960s  ETA ~4s
[  16020s] class 30/30 n=9 1-1-1-1-1-1-1-1-1 [searching]  subtrees 4438/4439 (100.0%)  canonical 7.977e8 (51035/s)  LPs 2.785e9  donated 1949 [running 12 idle@lastpick 0 checks 0 pend/check 0.00 tooDeep 0]  class 16020s  ETA ~4s
[  16080s] class 30/30 n=9 1-1-1-1-1-1-1-1-1 [searching]  subtrees 4438/4439 (100.0%)  canonical 8.005e8 (46613/s)  LPs 2.796e9  donated 1956 [running 12 idle@lastpick 0 checks 0 pend/check 0.00 tooDeep 0]  class 16080s  ETA ~4s
[  16140s] class 30/30 n=9 1-1-1-1-1-1-1-1-1 [searching]  subtrees 4438/4439 (100.0%)  canonical 8.033e8 (46532/s)  LPs 2.807e9  donated 1956 [running 12 idle@lastpick 0 checks 0 pend/check 0.00 tooDeep 0]  class 16140s  ETA ~4s
[  16200s] class 30/30 n=9 1-1-1-1-1-1-1-1-1 [searching]  subtrees 4438/4439 (100.0%)  canonical 8.062e8 (48707/s)  LPs 2.818e9  donated 1956 [running 12 idle@lastpick 0 checks 0 pend/check 0.00 tooDeep 0]  class 16200s  ETA ~4s
[  16260s] class 30/30 n=9 1-1-1-1-1-1-1-1-1 [searching]  subtrees 4438/4439 (100.0%)  canonical 8.092e8 (49304/s)  LPs 2.829e9  donated 1974 [running 12 idle@lastpick 0 checks 0 pend/check 0.00 tooDeep 0]  class 16260s  ETA ~4s
[  16320s] class 30/30 n=9 1-1-1-1-1-1-1-1-1 [searching]  subtrees 4438/4439 (100.0%)  canonical 8.123e8 (51554/s)  LPs 2.840e9  donated 1983 [running 12 idle@lastpick 0 checks 0 pend/check 0.00 tooDeep 0]  class 16320s  ETA ~4s
[  16380s] class 30/30 n=9 1-1-1-1-1-1-1-1-1 [searching]  subtrees 4438/4439 (100.0%)  canonical 8.153e8 (51300/s)  LPs 2.851e9  donated 1996 [running 12 idle@lastpick 0 checks 0 pend/check 0.00 tooDeep 0]  class 16380s  ETA ~4s
[  16440s] class 30/30 n=9 1-1-1-1-1-1-1-1-1 [searching]  subtrees 4438/4439 (100.0%)  canonical 8.184e8 (51834/s)  LPs 2.863e9  donated 2025 [running 12 idle@lastpick 0 checks 0 pend/check 0.00 tooDeep 0]  class 16440s  ETA ~4s
[  16500s] class 30/30 n=9 1-1-1-1-1-1-1-1-1 [searching]  subtrees 4438/4439 (100.0%)  canonical 8.215e8 (50025/s)  LPs 2.874e9  donated 2025 [running 12 idle@lastpick 0 checks 0 pend/check 0.00 tooDeep 0]  class 16500s  ETA ~4s
[  16560s] class 30/30 n=9 1-1-1-1-1-1-1-1-1 [searching]  subtrees 4438/4439 (100.0%)  canonical 8.246e8 (52310/s)  LPs 2.885e9  donated 2025 [running 12 idle@lastpick 0 checks 0 pend/check 0.00 tooDeep 0]  class 16560s  ETA ~4s
[  16620s] class 30/30 n=9 1-1-1-1-1-1-1-1-1 [searching]  subtrees 4438/4439 (100.0%)  canonical 8.279e8 (54983/s)  LPs 2.896e9  donated 2033 [running 12 idle@lastpick 0 checks 0 pend/check 0.00 tooDeep 0]  class 16620s  ETA ~4s
[  16680s] class 30/30 n=9 1-1-1-1-1-1-1-1-1 [searching]  subtrees 4438/4439 (100.0%)  canonical 8.310e8 (52479/s)  LPs 2.907e9  donated 2050 [running 12 idle@lastpick 0 checks 0 pend/check 0.00 tooDeep 0]  class 16680s  ETA ~4s
[  16740s] class 30/30 n=9 1-1-1-1-1-1-1-1-1 [searching]  subtrees 4438/4439 (100.0%)  canonical 8.343e8 (55119/s)  LPs 2.919e9  donated 2057 [running 12 idle@lastpick 0 checks 0 pend/check 0.00 tooDeep 0]  class 16740s  ETA ~4s
[  16800s] class 30/30 n=9 1-1-1-1-1-1-1-1-1 [searching]  subtrees 4438/4439 (100.0%)  canonical 8.376e8 (53889/s)  LPs 2.930e9  donated 2067 [running 12 idle@lastpick 0 checks 0 pend/check 0.00 tooDeep 0]  class 16800s  ETA ~4s
[  16860s] class 30/30 n=9 1-1-1-1-1-1-1-1-1 [searching]  subtrees 4438/4439 (100.0%)  canonical 8.409e8 (54885/s)  LPs 2.941e9  donated 2088 [running 12 idle@lastpick 0 checks 0 pend/check 0.00 tooDeep 0]  class 16860s  ETA ~4s
[  16920s] class 30/30 n=9 1-1-1-1-1-1-1-1-1 [searching]  subtrees 4438/4439 (100.0%)  canonical 8.442e8 (55057/s)  LPs 2.953e9  donated 2101 [running 12 idle@lastpick 0 checks 0 pend/check 0.00 tooDeep 0]  class 16920s  ETA ~4s
[  16980s] class 30/30 n=9 1-1-1-1-1-1-1-1-1 [searching]  subtrees 4438/4439 (100.0%)  canonical 8.476e8 (56293/s)  LPs 2.964e9  donated 2105 [running 12 idle@lastpick 0 checks 0 pend/check 0.00 tooDeep 0]  class 16980s  ETA ~4s
[  17040s] class 30/30 n=9 1-1-1-1-1-1-1-1-1 [searching]  subtrees 4438/4439 (100.0%)  canonical 8.508e8 (54280/s)  LPs 2.976e9  donated 2118 [running 12 idle@lastpick 0 checks 0 pend/check 0.00 tooDeep 0]  class 17040s  ETA ~4s
[  17100s] class 30/30 n=9 1-1-1-1-1-1-1-1-1 [searching]  subtrees 4438/4439 (100.0%)  canonical 8.541e8 (55151/s)  LPs 2.987e9  donated 2122 [running 12 idle@lastpick 0 checks 0 pend/check 0.00 tooDeep 0]  class 17100s  ETA ~4s
[  17160s] class 30/30 n=9 1-1-1-1-1-1-1-1-1 [searching]  subtrees 4438/4439 (100.0%)  canonical 8.573e8 (52803/s)  LPs 2.999e9  donated 2125 [running 12 idle@lastpick 0 checks 0 pend/check 0.00 tooDeep 0]  class 17160s  ETA ~4s
[  17220s] class 30/30 n=9 1-1-1-1-1-1-1-1-1 [searching]  subtrees 4438/4439 (100.0%)  canonical 8.604e8 (52090/s)  LPs 3.011e9  donated 2125 [running 12 idle@lastpick 0 checks 0 pend/check 0.00 tooDeep 0]  class 17220s  ETA ~4s
[  17280s] class 30/30 n=9 1-1-1-1-1-1-1-1-1 [searching]  subtrees 4438/4439 (100.0%)  canonical 8.635e8 (52045/s)  LPs 3.022e9  donated 2125 [running 12 idle@lastpick 0 checks 0 pend/check 0.00 tooDeep 0]  class 17280s  ETA ~4s
[  17340s] class 30/30 n=9 1-1-1-1-1-1-1-1-1 [searching]  subtrees 4438/4439 (100.0%)  canonical 8.667e8 (52982/s)  LPs 3.034e9  donated 2133 [running 12 idle@lastpick 0 checks 0 pend/check 0.00 tooDeep 0]  class 17340s  ETA ~4s
[  17400s] class 30/30 n=9 1-1-1-1-1-1-1-1-1 [searching]  subtrees 4438/4439 (100.0%)  canonical 8.700e8 (54600/s)  LPs 3.045e9  donated 2141 [running 12 idle@lastpick 0 checks 0 pend/check 0.00 tooDeep 0]  class 17400s  ETA ~4s
[  17460s] class 30/30 n=9 1-1-1-1-1-1-1-1-1 [searching]  subtrees 4438/4439 (100.0%)  canonical 8.732e8 (54024/s)  LPs 3.057e9  donated 2152 [running 12 idle@lastpick 0 checks 0 pend/check 0.00 tooDeep 0]  class 17460s  ETA ~4s
[  17520s] class 30/30 n=9 1-1-1-1-1-1-1-1-1 [searching]  subtrees 4438/4439 (100.0%)  canonical 8.765e8 (53704/s)  LPs 3.068e9  donated 2156 [running 12 idle@lastpick 0 checks 0 pend/check 0.00 tooDeep 0]  class 17520s  ETA ~4s
[  17580s] class 30/30 n=9 1-1-1-1-1-1-1-1-1 [searching]  subtrees 4438/4439 (100.0%)  canonical 8.796e8 (52458/s)  LPs 3.080e9  donated 2161 [running 12 idle@lastpick 0 checks 0 pend/check 0.00 tooDeep 0]  class 17580s  ETA ~4s
[  17640s] class 30/30 n=9 1-1-1-1-1-1-1-1-1 [searching]  subtrees 4438/4439 (100.0%)  canonical 8.827e8 (50999/s)  LPs 3.091e9  donated 2165 [running 12 idle@lastpick 0 checks 0 pend/check 0.00 tooDeep 0]  class 17640s  ETA ~4s
[  17700s] class 30/30 n=9 1-1-1-1-1-1-1-1-1 [searching]  subtrees 4438/4439 (100.0%)  canonical 8.858e8 (52466/s)  LPs 3.103e9  donated 2170 [running 12 idle@lastpick 0 checks 0 pend/check 0.00 tooDeep 0]  class 17700s  ETA ~4s
[  17760s] class 30/30 n=9 1-1-1-1-1-1-1-1-1 [searching]  subtrees 4438/4439 (100.0%)  canonical 8.890e8 (52574/s)  LPs 3.114e9  donated 2170 [running 12 idle@lastpick 0 checks 0 pend/check 0.00 tooDeep 0]  class 17760s  ETA ~4s
[  17820s] class 30/30 n=9 1-1-1-1-1-1-1-1-1 [searching]  subtrees 4438/4439 (100.0%)  canonical 8.920e8 (50728/s)  LPs 3.125e9  donated 2179 [running 12 idle@lastpick 0 checks 0 pend/check 0.00 tooDeep 0]  class 17820s  ETA ~4s
[  17880s] class 30/30 n=9 1-1-1-1-1-1-1-1-1 [searching]  subtrees 4438/4439 (100.0%)  canonical 8.950e8 (49571/s)  LPs 3.137e9  donated 2201 [running 12 idle@lastpick 0 checks 0 pend/check 0.00 tooDeep 0]  class 17880s  ETA ~4s
[  17940s] class 30/30 n=9 1-1-1-1-1-1-1-1-1 [searching]  subtrees 4438/4439 (100.0%)  canonical 8.980e8 (49697/s)  LPs 3.148e9  donated 2222 [running 12 idle@lastpick 0 checks 0 pend/check 0.00 tooDeep 0]  class 17940s  ETA ~4s
[  18000s] class 30/30 n=9 1-1-1-1-1-1-1-1-1 [searching]  subtrees 4438/4439 (100.0%)  canonical 9.010e8 (50031/s)  LPs 3.160e9  donated 2230 [running 12 idle@lastpick 0 checks 0 pend/check 0.00 tooDeep 0]  class 18000s  ETA ~4s
[  18060s] class 30/30 n=9 1-1-1-1-1-1-1-1-1 [searching]  subtrees 4438/4439 (100.0%)  canonical 9.041e8 (51583/s)  LPs 3.171e9  donated 2247 [running 12 idle@lastpick 0 checks 0 pend/check 0.00 tooDeep 0]  class 18060s  ETA ~4s
[  18120s] class 30/30 n=9 1-1-1-1-1-1-1-1-1 [searching]  subtrees 4438/4439 (100.0%)  canonical 9.072e8 (51577/s)  LPs 3.182e9  donated 2252 [running 12 idle@lastpick 0 checks 0 pend/check 0.00 tooDeep 0]  class 18120s  ETA ~4s
[  18180s] class 30/30 n=9 1-1-1-1-1-1-1-1-1 [searching]  subtrees 4438/4439 (100.0%)  canonical 9.103e8 (52585/s)  LPs 3.194e9  donated 2271 [running 12 idle@lastpick 0 checks 0 pend/check 0.00 tooDeep 0]  class 18180s  ETA ~4s
[  18240s] class 30/30 n=9 1-1-1-1-1-1-1-1-1 [searching]  subtrees 4438/4439 (100.0%)  canonical 9.137e8 (55808/s)  LPs 3.205e9  donated 2275 [running 12 idle@lastpick 0 checks 0 pend/check 0.00 tooDeep 0]  class 18240s  ETA ~4s
[  18300s] class 30/30 n=9 1-1-1-1-1-1-1-1-1 [searching]  subtrees 4438/4439 (100.0%)  canonical 9.171e8 (57425/s)  LPs 3.217e9  donated 2288 [running 12 idle@lastpick 0 checks 0 pend/check 0.00 tooDeep 0]  class 18300s  ETA ~4s
[  18360s] class 30/30 n=9 1-1-1-1-1-1-1-1-1 [searching]  subtrees 4438/4439 (100.0%)  canonical 9.205e8 (57101/s)  LPs 3.229e9  donated 2288 [running 12 idle@lastpick 0 checks 0 pend/check 0.00 tooDeep 0]  class 18360s  ETA ~4s
[  18420s] class 30/30 n=9 1-1-1-1-1-1-1-1-1 [searching]  subtrees 4438/4439 (100.0%)  canonical 9.239e8 (55446/s)  LPs 3.240e9  donated 2305 [running 12 idle@lastpick 0 checks 0 pend/check 0.00 tooDeep 0]  class 18420s  ETA ~4s
[  18480s] class 30/30 n=9 1-1-1-1-1-1-1-1-1 [searching]  subtrees 4438/4439 (100.0%)  canonical 9.273e8 (57368/s)  LPs 3.252e9  donated 2305 [running 12 idle@lastpick 0 checks 0 pend/check 0.00 tooDeep 0]  class 18480s  ETA ~4s
[  18540s] class 30/30 n=9 1-1-1-1-1-1-1-1-1 [searching]  subtrees 4438/4439 (100.0%)  canonical 9.308e8 (57764/s)  LPs 3.264e9  donated 2305 [running 12 idle@lastpick 0 checks 0 pend/check 0.00 tooDeep 0]  class 18540s  ETA ~4s
[  18600s] class 30/30 n=9 1-1-1-1-1-1-1-1-1 [searching]  subtrees 4438/4439 (100.0%)  canonical 9.342e8 (56480/s)  LPs 3.276e9  donated 2309 [running 12 idle@lastpick 0 checks 0 pend/check 0.00 tooDeep 0]  class 18600s  ETA ~4s
[  18660s] class 30/30 n=9 1-1-1-1-1-1-1-1-1 [searching]  subtrees 4438/4439 (100.0%)  canonical 9.377e8 (58357/s)  LPs 3.287e9  donated 2319 [running 12 idle@lastpick 0 checks 0 pend/check 0.00 tooDeep 0]  class 18660s  ETA ~4s
[  18720s] class 30/30 n=9 1-1-1-1-1-1-1-1-1 [searching]  subtrees 4438/4439 (100.0%)  canonical 9.410e8 (55126/s)  LPs 3.299e9  donated 2319 [running 12 idle@lastpick 0 checks 0 pend/check 0.00 tooDeep 0]  class 18720s  ETA ~4s
[  18780s] class 30/30 n=9 1-1-1-1-1-1-1-1-1 [searching]  subtrees 4438/4439 (100.0%)  canonical 9.443e8 (55032/s)  LPs 3.310e9  donated 2319 [running 12 idle@lastpick 0 checks 0 pend/check 0.00 tooDeep 0]  class 18780s  ETA ~4s
[  18840s] class 30/30 n=9 1-1-1-1-1-1-1-1-1 [searching]  subtrees 4438/4439 (100.0%)  canonical 9.476e8 (55976/s)  LPs 3.322e9  donated 2319 [running 12 idle@lastpick 0 checks 0 pend/check 0.00 tooDeep 0]  class 18840s  ETA ~4s
[  18900s] class 30/30 n=9 1-1-1-1-1-1-1-1-1 [searching]  subtrees 4438/4439 (100.0%)  canonical 9.510e8 (56061/s)  LPs 3.333e9  donated 2322 [running 12 idle@lastpick 0 checks 0 pend/check 0.00 tooDeep 0]  class 18900s  ETA ~4s
[  18960s] class 30/30 n=9 1-1-1-1-1-1-1-1-1 [searching]  subtrees 4438/4439 (100.0%)  canonical 9.544e8 (56769/s)  LPs 3.345e9  donated 2324 [running 12 idle@lastpick 0 checks 0 pend/check 0.00 tooDeep 0]  class 18960s  ETA ~4s
[  19020s] class 30/30 n=9 1-1-1-1-1-1-1-1-1 [searching]  subtrees 4438/4439 (100.0%)  canonical 9.577e8 (55301/s)  LPs 3.356e9  donated 2333 [running 12 idle@lastpick 0 checks 0 pend/check 0.00 tooDeep 0]  class 19020s  ETA ~4s
[  19080s] class 30/30 n=9 1-1-1-1-1-1-1-1-1 [searching]  subtrees 4438/4439 (100.0%)  canonical 9.610e8 (54591/s)  LPs 3.368e9  donated 2343 [running 12 idle@lastpick 0 checks 0 pend/check 0.00 tooDeep 0]  class 19080s  ETA ~4s
[  19140s] class 30/30 n=9 1-1-1-1-1-1-1-1-1 [searching]  subtrees 4438/4439 (100.0%)  canonical 9.645e8 (58317/s)  LPs 3.379e9  donated 2356 [running 12 idle@lastpick 0 checks 0 pend/check 0.00 tooDeep 0]  class 19140s  ETA ~4s
[  19200s] class 30/30 n=9 1-1-1-1-1-1-1-1-1 [searching]  subtrees 4438/4439 (100.0%)  canonical 9.684e8 (64457/s)  LPs 3.391e9  donated 2527 [running 12 idle@lastpick 0 checks 0 pend/check 0.00 tooDeep 0]  class 19200s  ETA ~4s
[  19260s] class 30/30 n=9 1-1-1-1-1-1-1-1-1 [searching]  subtrees 4438/4439 (100.0%)  canonical 9.726e8 (71660/s)  LPs 3.402e9  donated 2668 [running 12 idle@lastpick 0 checks 0 pend/check 0.00 tooDeep 0]  class 19260s  ETA ~4s
[  19320s] class 30/30 n=9 1-1-1-1-1-1-1-1-1 [searching]  subtrees 4438/4439 (100.0%)  canonical 9.769e8 (71634/s)  LPs 3.414e9  donated 2821 [running 12 idle@lastpick 0 checks 0 pend/check 0.00 tooDeep 0]  class 19320s  ETA ~4s
[  19380s] class 30/30 n=9 1-1-1-1-1-1-1-1-1 [searching]  subtrees 4438/4439 (100.0%)  canonical 9.816e8 (77685/s)  LPs 3.426e9  donated 2927 [running 12 idle@lastpick 0 checks 0 pend/check 0.00 tooDeep 0]  class 19380s  ETA ~4s
[  19440s] class 30/30 n=9 1-1-1-1-1-1-1-1-1 [searching]  subtrees 4438/4439 (100.0%)  canonical 9.859e8 (71685/s)  LPs 3.438e9  donated 3034 [running 12 idle@lastpick 0 checks 0 pend/check 0.00 tooDeep 0]  class 19440s  ETA ~4s
[  19500s] class 30/30 n=9 1-1-1-1-1-1-1-1-1 [searching]  subtrees 4438/4439 (100.0%)  canonical 9.904e8 (74225/s)  LPs 3.450e9  donated 3255 [running 12 idle@lastpick 0 checks 0 pend/check 0.00 tooDeep 0]  class 19500s  ETA ~4s
  1-1-1-1-1-1-1-1-1: class 1, Fix 144130531453121108  canonical=993061484 positive=281814234754247 selfdual=175428 lps=3456397040 bad=0 19534.8s subtrees=4439
    self-dual check vs A001532(9) = 175428: OK
    identity check vs A000609(9) = 144130531453121108: OK
    canonical check vs A000617(9) = 989913346: MISMATCH
    NPN classes = (canonical 993061484 + self-dual 175428) / 2 = 496618456   [A001529 not known here: NEW VALUE]
==> a(9) = 448764716674   (Burnside remainder 0, 19534.8s)
